<html>
<body>
<pre>
<h1>µVision Build Log</h1>
<h2>Tool Versions:</h2>
IDE-Version: ¦ÌVision V5.16a
Copyright (C) 2015 ARM Ltd and ARM Germany GmbH. All rights reserved.
License Information: 111 111, 111, LIC=HN0AE-51DZW-45QT5-GTRMV-48UHH-WFF8T
 
Tool Versions:
Toolchain:       MDK-ARM Standard  Version: 5.16a
Toolchain Path:  E:\Tools\Keil5\MDK\ARM\ARMCC\Bin
C Compiler:      Armcc.exe V5.06 (build 20)
Assembler:       Armasm.exe V5.06 (build 20)
Linker/Locator:  ArmLink.exe V5.06 (build 20)
Library Manager: ArmAr.exe V5.06 (build 20)
Hex Converter:   FromElf.exe V5.06 (build 20)
CPU DLL:         SARMCM3.DLL V5.16a
Dialog DLL:      DCM.DLL V1.13.2.0
Target DLL:      UL2CM3.DLL V1.155.12.0
Dialog DLL:      TCM.DLL V1.14.5.0
 
<h2>Project:</h2>
D:\stm32\F1_STL\TEST48\stm32f103.uvprojx
Project File Date:  07/22/2025

<h2>Output:</h2>
*** Using Compiler 'V5.06 (build 20)', folder: 'E:\Tools\Keil5\MDK\ARM\ARMCC\Bin'
Build target 'STM32F103'
assembling startup_stm32f10x_md.s...
linking...
Program Size: Code=26692 RO-data=1268 RW-data=64 ZI-data=2208  
FromELF: creating hex file...
".\output\stm32f103.axf" - 0 Error(s), 0 Warning(s).

<h2>Software Packages used:</h2>

Package Vendor: ARM
                http://www.keil.com/pack/ARM.CMSIS.5.8.0.pack
                ARM::CMSIS:CORE:5.5.0
                CMSIS (Common Microcontroller Software Interface Standard)
   * Component: CORE Version: 5.5.0

<h2>Collection of Component include folders:</h2>
  D:\stm32\F1_STL\TEST48\RTE
  E:\Tools\Keil5\MDK\ARM\PACK\ARM\CMSIS\5.8.0\CMSIS\Core\Include
  E:\Tools\Keil5\MDK\ARM\PACK\Keil\STM32F1xx_DFP\1.0.5\Device\Include

<h2>Collection of Component Files used:</h2>

   * Component: ARM::CMSIS:CORE:5.5.0
      Include file:  CMSIS\Core\Include\tz_context.h
      Source file:   CMSIS\Core\Template\ARMv8-M\tz_context.c
      Source file:   CMSIS\Core\Template\ARMv8-M\main_s.c
Build Time Elapsed:  00:00:00
</pre>
</body>
</html>
