Component: ARM Compiler 5.06 (build 20) Tool: armlink [4d35a3]

==============================================================================

Section Cross References

    stm32f10x_it.o(.text) refers to usart.o(.text) for UsartPrintf
    system_stm32f10x.o(.text) refers to system_stm32f10x.o(.data) for SystemCoreClock
    startup_stm32f10x_md.o(STACK) refers (Special) to heapauxi.o(.text) for __use_two_region_memory
    startup_stm32f10x_md.o(HEAP) refers (Special) to heapauxi.o(.text) for __use_two_region_memory
    startup_stm32f10x_md.o(RESET) refers (Special) to heapauxi.o(.text) for __use_two_region_memory
    startup_stm32f10x_md.o(RESET) refers to startup_stm32f10x_md.o(STACK) for __initial_sp
    startup_stm32f10x_md.o(RESET) refers to startup_stm32f10x_md.o(.text) for Reset_Handler
    startup_stm32f10x_md.o(RESET) refers to stm32f10x_it.o(.text) for NMI_Handler
    startup_stm32f10x_md.o(RESET) refers to usart.o(.text) for USART1_IRQHandler
    startup_stm32f10x_md.o(RESET) refers to esp8266.o(.text) for USART2_IRQHandler
    startup_stm32f10x_md.o(.text) refers (Special) to heapauxi.o(.text) for __use_two_region_memory
    startup_stm32f10x_md.o(.text) refers to system_stm32f10x.o(.text) for SystemInit
    startup_stm32f10x_md.o(.text) refers to __main.o(!!!main) for __main
    startup_stm32f10x_md.o(.text) refers to startup_stm32f10x_md.o(HEAP) for Heap_Mem
    startup_stm32f10x_md.o(.text) refers to startup_stm32f10x_md.o(STACK) for Stack_Mem
    stm32f10x_gpio.o(.text) refers to stm32f10x_rcc.o(.text) for RCC_APB2PeriphResetCmd
    stm32f10x_rcc.o(.text) refers to stm32f10x_rcc.o(.data) for APBAHBPrescTable
    stm32f10x_usart.o(.text) refers to stm32f10x_rcc.o(.text) for RCC_APB2PeriphResetCmd
    beep.o(.text) refers to stm32f10x_gpio.o(.text) for GPIO_WriteBit
    beep.o(.text) refers to stm32f10x_rcc.o(.text) for RCC_APB2PeriphClockCmd
    beep.o(.text) refers to beep.o(.data) for beep_info
    delay.o(.text) refers to delay.o(.data) for UsCount
    usart.o(.text) refers to stm32f10x_rcc.o(.text) for RCC_APB2PeriphClockCmd
    usart.o(.text) refers to stm32f10x_gpio.o(.text) for GPIO_Init
    usart.o(.text) refers to stm32f10x_usart.o(.text) for USART_Init
    usart.o(.text) refers to misc.o(.text) for NVIC_Init
    usart.o(.text) refers to c89vsnprintf.o(.text) for __c89vsnprintf
    i2c.o(.text) refers to stm32f10x_rcc.o(.text) for RCC_APB2PeriphClockCmd
    i2c.o(.text) refers to stm32f10x_gpio.o(.text) for GPIO_Init
    i2c.o(.text) refers to delay.o(.text) for DelayUs
    i2c.o(.text) refers to usart.o(.text) for UsartPrintf
    i2c.o(.text) refers to i2c.o(.data) for iic_info
    sht20.o(.text) refers to i2c.o(.text) for I2C_WriteByte
    sht20.o(.text) refers to fflt_clz.o(x$fpl$ffltu) for __aeabi_ui2f
    sht20.o(.text) refers to f2d.o(x$fpl$f2d) for __aeabi_f2d
    sht20.o(.text) refers to dmul.o(x$fpl$dmul) for __aeabi_dmul
    sht20.o(.text) refers to daddsub_clz.o(x$fpl$dadd) for __aeabi_dadd
    sht20.o(.text) refers to d2f.o(x$fpl$d2f) for __aeabi_d2f
    sht20.o(.text) refers to daddsub_clz.o(x$fpl$dsub) for __aeabi_dsub
    sht20.o(.text) refers to delay.o(.text) for DelayXms
    sht20.o(.text) refers to ffixu.o(x$fpl$ffixu) for __aeabi_f2uiz
    sht20.o(.text) refers to sht20.o(.data) for sht20_info
    main.o(.text) refers to misc.o(.text) for NVIC_PriorityGroupConfig
    main.o(.text) refers to delay.o(.text) for Delay_Init
    main.o(.text) refers to usart.o(.text) for Usart1_Init
    main.o(.text) refers to i2c.o(.text) for IIC_Init
    main.o(.text) refers to beep.o(.text) for Beep_Init
    main.o(.text) refers to esp8266.o(.text) for ESP8266_Init
    main.o(.text) refers to onenet.o(.text) for OneNET_RegisterDevice
    main.o(.text) refers to sht20.o(.text) for SHT20_GetValue
    onenet.o(.text) refers to _printf_percent.o(.ARM.Collect$$_printf_percent$$00000000) for _printf_percent
    onenet.o(.text) refers to _printf_d.o(.ARM.Collect$$_printf_percent$$00000009) for _printf_d
    onenet.o(.text) refers to _printf_s.o(.ARM.Collect$$_printf_percent$$00000014) for _printf_s
    onenet.o(.text) refers to _printf_dec.o(.text) for _printf_int_dec
    onenet.o(.text) refers to _printf_str.o(.text) for _printf_str
    onenet.o(.text) refers to _scanf_int.o(.text) for _scanf_int
    onenet.o(.text) refers to _scanf_str.o(.text) for _scanf_string
    onenet.o(.text) refers to _printf_f.o(.ARM.Collect$$_printf_percent$$00000003) for _printf_f
    onenet.o(.text) refers to printf1.o(x$fpl$printf1) for _printf_fp_dec
    onenet.o(.text) refers to strlen.o(.text) for strlen
    onenet.o(.text) refers to strcat.o(.text) for strcat
    onenet.o(.text) refers to rt_memclr_w.o(.text) for __aeabi_memclr4
    onenet.o(.text) refers to base64.o(.text) for BASE64_Decode
    onenet.o(.text) refers to __2snprintf.o(.text) for __2snprintf
    onenet.o(.text) refers to hmac_sha1.o(.text) for hmac_sha1
    onenet.o(.text) refers to h1_alloc.o(.text) for malloc
[...]
    _scanf_char_input                        0x080050b1   Thumb Code    12  scanf_char.o(.text)
    .text                                    0x080050dc   Section        0  _sgetc.o(.text)
    .text                                    0x0800511c   Section        0  strtol.o(.text)
    .text                                    0x0800518c   Section      100  rt_memcpy_w.o(.text)
    .text                                    0x080051f0   Section        8  libspace.o(.text)
    .text                                    0x080051f8   Section       16  rt_ctype_table.o(.text)
    .text                                    0x08005208   Section        8  rt_locale_intlibspace.o(.text)
    .text                                    0x08005210   Section        0  h1_extend.o(.text)
    .text                                    0x08005244   Section      138  lludiv10.o(.text)
    .text                                    0x080052ce   Section        0  isspace.o(.text)
    .text                                    0x080052e0   Section        0  _printf_fp_infnan.o(.text)
    .text                                    0x08005360   Section        0  _printf_wchar.o(.text)
    .text                                    0x0800538c   Section        0  _scanf.o(.text)
    .text                                    0x08005700   Section        0  _strtoul.o(.text)
    .text                                    0x080057a0   Section        0  bigflt0.o(.text)
    .text                                    0x0800587c   Section        0  _wcrtomb.o(.text)
    .text                                    0x080058bc   Section        0  defsig_rtmem_outer.o(.text)
    .text                                    0x080058ca   Section        2  use_no_semi.o(.text)
    .text                                    0x080058cc   Section        0  indicate_semi.o(.text)
    .text                                    0x080058cc   Section       74  sys_stackheap_outer.o(.text)
    .text                                    0x08005916   Section        0  exit.o(.text)
    .text                                    0x08005928   Section        0  defsig_exit.o(.text)
    .text                                    0x08005934   Section        0  defsig_rtmem_inner.o(.text)
    .text                                    0x08005984   Section      128  strcmpv7m.o(.text)
    .text                                    0x08005a04   Section        0  sys_exit.o(.text)
    .text                                    0x08005a10   Section        0  defsig_general.o(.text)
    .text                                    0x08005a42   Section        0  sys_wrch.o(.text)
    CL$$btod_d2e                             0x08005a50   Section       62  btod.o(CL$$btod_d2e)
    CL$$btod_d2e_denorm_low                  0x08005a8e   Section       70  btod.o(CL$$btod_d2e_denorm_low)
    CL$$btod_d2e_norm_op1                    0x08005ad4   Section       96  btod.o(CL$$btod_d2e_norm_op1)
    CL$$btod_div_common                      0x08005b34   Section      824  btod.o(CL$$btod_div_common)
    CL$$btod_e2e                             0x08005e6c   Section      198  btod.o(CL$$btod_e2e)
    CL$$btod_ediv                            0x08005f32   Section       40  btod.o(CL$$btod_ediv)
    CL$$btod_emul                            0x08005f5a   Section       40  btod.o(CL$$btod_emul)
    CL$$btod_mult_common                     0x08005f82   Section      580  btod.o(CL$$btod_mult_common)
    i.__ARM_fpclassify                       0x080061c6   Section        0  fpclassify.o(i.__ARM_fpclassify)
    i._is_digit                              0x080061ee   Section        0  __printf_wp.o(i._is_digit)
    locale$$code                             0x080061fc   Section       44  lc_numeric_c.o(locale$$code)
    locale$$code                             0x08006228   Section       44  lc_ctype_c.o(locale$$code)
    x$fpl$d2f                                0x08006254   Section       98  d2f.o(x$fpl$d2f)
    x$fpl$dadd                               0x080062b8   Section      336  daddsub_clz.o(x$fpl$dadd)
    _dadd1                                   0x080062c9   Thumb Code     0  daddsub_clz.o(x$fpl$dadd)
    x$fpl$dmul                               0x08006408   Section      340  dmul.o(x$fpl$dmul)
    x$fpl$dnaninf                            0x0800655c   Section      156  dnaninf.o(x$fpl$dnaninf)
    x$fpl$dretinf                            0x080065f8   Section       12  dretinf.o(x$fpl$dretinf)
    x$fpl$dsub                               0x08006604   Section      468  daddsub_clz.o(x$fpl$dsub)
    _dsub1                                   0x08006615   Thumb Code     0  daddsub_clz.o(x$fpl$dsub)
    x$fpl$f2d                                0x080067d8   Section       86  f2d.o(x$fpl$f2d)
    x$fpl$ffixu                              0x08006830   Section       62  ffixu.o(x$fpl$ffixu)
    x$fpl$ffltu                              0x08006870   Section       38  fflt_clz.o(x$fpl$ffltu)
    x$fpl$fnaninf                            0x08006896   Section      140  fnaninf.o(x$fpl$fnaninf)
    x$fpl$fretinf                            0x08006922   Section       10  fretinf.o(x$fpl$fretinf)
    x$fpl$printf1                            0x0800692c   Section        4  printf1.o(x$fpl$printf1)
    .constdata                               0x08006930   Section      192  base64.o(.constdata)
    x$fpl$usenofp                            0x08006930   Section        0  usenofp.o(x$fpl$usenofp)
    base64_enc_map                           0x08006930   Data          64  base64.o(.constdata)
    base64_dec_map                           0x08006970   Data         128  base64.o(.constdata)
    .constdata                               0x080069f0   Section       17  __printf_flags_ss_wp.o(.constdata)
    maptable                                 0x080069f0   Data          17  __printf_flags_ss_wp.o(.constdata)
    .constdata                               0x08006a04   Section        8  _printf_wctomb.o(.constdata)
    initial_mbstate                          0x08006a04   Data           8  _printf_wctomb.o(.constdata)
    .constdata                               0x08006a0c   Section       40  _printf_hex_int_ll_ptr.o(.constdata)
    uc_hextab                                0x08006a0c   Data          20  _printf_hex_int_ll_ptr.o(.constdata)
    lc_hextab                                0x08006a20   Data          20  _printf_hex_int_ll_ptr.o(.constdata)
    .constdata                               0x08006a34   Section      148  bigflt0.o(.constdata)
    tenpwrs_x                                0x08006a34   Data          60  bigflt0.o(.constdata)
    tenpwrs_i                                0x08006a70   Data          64  bigflt0.o(.constdata)
    .conststring                             0x08006ac8   Section      291  onenet.o(.conststring)
    locale$$data                             0x08006c0c   Section       28  lc_numeric_c.o(locale$$data)
    __lcnum_c_name                           0x08006c10   Data           2  lc_numeric_c.o(locale$$data)
    __lcnum_c_start                          0x08006c18   Data           0  lc_numeric_c.o(locale$$data)
    __lcnum_c_point                          0x08006c24   Data           0  lc_numeric_c.o(locale$$data)
    __lcnum_c_thousands                      0x08006c26   Data           0  lc_numeric_c.o(locale$$data)
    __lcnum_c_grouping                       0x08006c27   Data           0  lc_numeric_c.o(locale$$data)
    locale$$data                             0x08006c28   Section      272  lc_ctype_c.o(locale$$data)
    __lcnum_c_end                            0x08006c28   Data           0  lc_numeric_c.o(locale$$data)
    __lcctype_c_name                         0x08006c2c   Data           2  lc_ctype_c.o(locale$$data)
    __lcctype_c_start                        0x08006c34   Data           0  lc_ctype_c.o(locale$$data)
    __lcctype_c_end                          0x08006d38   Data           0  lc_ctype_c.o(locale$$data)
    .data                                    0x20000000   Section       20  system_stm32f10x.o(.data)
    .data                                    0x20000014   Section       20  stm32f10x_rcc.o(.data)
    APBAHBPrescTable                         0x20000014   Data          16  stm32f10x_rcc.o(.data)
    ADCPrescTable                            0x20000024   Data           4  stm32f10x_rcc.o(.data)
    .data                                    0x20000028   Section        1  beep.o(.data)
    .data                                    0x2000002a   Section        4  delay.o(.data)
    .data                                    0x2000002e   Section        2  i2c.o(.data)
    .data                                    0x20000030   Section        8  sht20.o(.data)
    .data                                    0x20000038   Section        2  onenet.o(.data)
    pkt_id                                   0x20000038   Data           2  onenet.o(.data)
    .data                                    0x2000003a   Section        4  esp8266.o(.data)
    .bss                                     0x20000040   Section       64  onenet.o(.bss)
    .bss                                     0x20000080   Section      512  esp8266.o(.bss)
    .bss                                     0x20000280   Section       96  libspace.o(.bss)
    HEAP                                     0x200002e0   Section      512  startup_stm32f10x_md.o(HEAP)
    Heap_Mem                                 0x200002e0   Data         512  startup_stm32f10x_md.o(HEAP)
    STACK                                    0x200004e0   Section     1024  startup_stm32f10x_md.o(STACK)
    Stack_Mem                                0x200004e0   Data        1024  startup_stm32f10x_md.o(STACK)
    __initial_sp                             0x200008e0   Data           0  startup_stm32f10x_md.o(STACK)

    Global Symbols

    Symbol Name                              Value     Ov Type        Size  Object(Section)

    BuildAttributes$$THM_ISAv4$P$D$K$B$S$PE$A:L22UL41UL21$X:L11$S22US41US21$IEEE1$IW$USESV6$~STKCKD$USESV7$~SHL$OTIME$ROPI$IEEEJ$EBA8$UX$STANDARDLIB$REQ8$PRES8$EABIv2 0x00000000   Number         0  anon$$obj.o ABSOLUTE
    __ARM_use_no_argv                        0x00000000   Number         0  main.o ABSOLUTE
    _printf_flags                            0x00000000   Number         0  printf_stubs.o ABSOLUTE
    _printf_return_value                     0x00000000   Number         0  printf_stubs.o ABSOLUTE
    _printf_sizespec                         0x00000000   Number         0  printf_stubs.o ABSOLUTE
    _printf_widthprec                        0x00000000   Number         0  printf_stubs.o ABSOLUTE
    __ARM_exceptions_init                     - Undefined Weak Reference
    __alloca_initialize                       - Undefined Weak Reference
    __arm_preinit_                            - Undefined Weak Reference
    __cpp_initialize__aeabi_                  - Undefined Weak Reference
    __cxa_finalize                            - Undefined Weak Reference
    __sigvec_lookup                           - Undefined Weak Reference
    __user_heap_extent                        - Undefined Weak Reference
    _atexit_init                              - Undefined Weak Reference
    _call_atexit_fns                          - Undefined Weak Reference
    _clock_init                               - Undefined Weak Reference
    _fp_trap_init                             - Undefined Weak Reference
    _fp_trap_shutdown                         - Undefined Weak Reference
    _get_lc_collate                           - Undefined Weak Reference
    _get_lc_monetary                          - Undefined Weak Reference
    _get_lc_time                              - Undefined Weak Reference
    _getenv_init                              - Undefined Weak Reference
    _handle_redirection                       - Undefined Weak Reference
    _initio                                   - Undefined Weak Reference
    _mutex_acquire                            - Undefined Weak Reference
    _mutex_free                               - Undefined Weak Reference
    _mutex_release                            - Undefined Weak Reference
    _printf_fp_hex                            - Undefined Weak Reference
    _printf_mbtowc                            - Undefined Weak Reference
    _printf_wc                                - Undefined Weak Reference
    _rand_init                                - Undefined Weak Reference
    _scanf_longlong                           - Undefined Weak Reference
    _scanf_mbtowc                             - Undefined Weak Reference
    _scanf_real                               - Undefined Weak Reference
    _scanf_wctomb                             - Undefined Weak Reference
    _scanf_wstring                            - Undefined Weak Reference
    _signal_finish                            - Undefined Weak Reference
    _signal_init                              - Undefined Weak Reference
    _terminateio                              - Undefined Weak Reference
    __Vectors_Size                           0x000000ec   Number         0  startup_stm32f10x_md.o ABSOLUTE
    __Vectors                                0x08000000   Data           4  startup_stm32f10x_md.o(RESET)
    __Vectors_End                            0x080000ec   Data           0  startup_stm32f10x_md.o(RESET)
    __main                                   0x080000ed   Thumb Code     8  __main.o(!!!main)
    __scatterload                            0x080000f5   Thumb Code     0  __scatter.o(!!!scatter)
    __scatterload_rt2                        0x080000f5   Thumb Code    44  __scatter.o(!!!scatter)
    __scatterload_rt2_thumb_only             0x080000f5   Thumb Code     0  __scatter.o(!!!scatter)
    __scatterload_null                       0x08000103   Thumb Code     0  __scatter.o(!!!scatter)
    __scatterload_copy                       0x08000129   Thumb Code    26  __scatter_copy.o(!!handler_copy)
    __scatterload_zeroinit                   0x08000145   Thumb Code    28  __scatter_zi.o(!!handler_zi)
    _printf_n                                0x08000161   Thumb Code     0  _printf_n.o(.ARM.Collect$$_printf_percent$$00000001)
    _printf_percent                          0x08000161   Thumb Code     0  _printf_percent.o(.ARM.Collect$$_printf_percent$$00000000)
    _printf_p                                0x08000167   Thumb Code     0  _printf_p.o(.ARM.Collect$$_printf_percent$$00000002)
    _printf_f                                0x0800016d   Thumb Code     0  _printf_f.o(.ARM.Collect$$_printf_percent$$00000003)
    _printf_e                                0x08000173   Thumb Code     0  _printf_e.o(.ARM.Collect$$_printf_percent$$00000004)
    _printf_g                                0x08000179   Thumb Code     0  _printf_g.o(.ARM.Collect$$_printf_percent$$00000005)
    _printf_a                                0x0800017f   Thumb Code     0  _printf_a.o(.ARM.Collect$$_printf_percent$$00000006)
    _printf_ll                               0x08000185   Thumb Code     0  _printf_ll.o(.ARM.Collect$$_printf_percent$$00000007)
    _printf_i                                0x0800018f   Thumb Code     0  _printf_i.o(.ARM.Collect$$_printf_percent$$00000008)
    _printf_d                                0x08000195   Thumb Code     0  _printf_d.o(.ARM.Collect$$_printf_percent$$00000009)
    _printf_u                                0x0800019b   Thumb Code     0  _printf_u.o(.ARM.Collect$$_printf_percent$$0000000A)
    _printf_o                                0x080001a1   Thumb Code     0  _printf_o.o(.ARM.Collect$$_printf_percent$$0000000B)
    _printf_x                                0x080001a7   Thumb Code     0  _printf_x.o(.ARM.Collect$$_printf_percent$$0000000C)
    _printf_lli                              0x080001ad   Thumb Code     0  _printf_lli.o(.ARM.Collect$$_printf_percent$$0000000D)
    _printf_lld                              0x080001b3   Thumb Code     0  _printf_lld.o(.ARM.Collect$$_printf_percent$$0000000E)
    _printf_llu                              0x080001b9   Thumb Code     0  _printf_llu.o(.ARM.Collect$$_printf_percent$$0000000F)
    _printf_llo                              0x080001bf   Thumb Code     0  _printf_llo.o(.ARM.Collect$$_printf_percent$$00000010)
    _printf_llx                              0x080001c5   Thumb Code     0  _printf_llx.o(.ARM.Collect$$_printf_percent$$00000011)
    _printf_l                                0x080001cb   Thumb Code     0  _printf_l.o(.ARM.Collect$$_printf_percent$$00000012)
    _printf_c                                0x080001d5   Thumb Code     0  _printf_c.o(.ARM.Collect$$_printf_percent$$00000013)
    _printf_s                                0x080001db   Thumb Code     0  _printf_s.o(.ARM.Collect$$_printf_percent$$00000014)
    _printf_lc                               0x080001e1   Thumb Code     0  _printf_lc.o(.ARM.Collect$$_printf_percent$$00000015)
    _printf_ls                               0x080001e7   Thumb Code     0  _printf_ls.o(.ARM.Collect$$_printf_percent$$00000016)
    _printf_percent_end                      0x080001ed   Thumb Code     0  _printf_percent_end.o(.ARM.Collect$$_printf_percent$$00000017)
    __rt_lib_init                            0x080001f1   Thumb Code     0  libinit.o(.ARM.Collect$$libinit$$00000000)
    __rt_lib_init_fp_1                       0x080001f3   Thumb Code     0  libinit2.o(.ARM.Collect$$libinit$$00000002)
    __rt_lib_init_heap_2                     0x080001f3   Thumb Code     0  libinit2.o(.ARM.Collect$$libinit$$00000005)
    __rt_lib_init_preinit_1                  0x080001f3   Thumb Code     0  libinit2.o(.ARM.Collect$$libinit$$00000004)
    __rt_lib_init_heap_1                     0x080001fb   Thumb Code     0  libinit2.o(.ARM.Collect$$libinit$$0000000A)
    __rt_lib_init_lc_common                  0x080001fb   Thumb Code     0  libinit2.o(.ARM.Collect$$libinit$$0000000F)
    __rt_lib_init_rand_1                     0x080001fb   Thumb Code     0  libinit2.o(.ARM.Collect$$libinit$$0000000E)
    __rt_lib_init_user_alloc_1               0x080001fb   Thumb Code     0  libinit2.o(.ARM.Collect$$libinit$$0000000C)
    __rt_lib_init_lc_collate_1               0x08000201   Thumb Code     0  libinit2.o(.ARM.Collect$$libinit$$00000011)
    __rt_lib_init_lc_ctype_2                 0x08000201   Thumb Code     0  libinit2.o(.ARM.Collect$$libinit$$00000012)
    __rt_lib_init_lc_ctype_1                 0x0800020d   Thumb Code     0  libinit2.o(.ARM.Collect$$libinit$$00000013)
    __rt_lib_init_lc_monetary_1              0x0800020d   Thumb Code     0  libinit2.o(.ARM.Collect$$libinit$$00000015)
    __rt_lib_init_lc_numeric_2               0x0800020d   Thumb Code     0  libinit2.o(.ARM.Collect$$libinit$$00000016)
    __rt_lib_init_alloca_1                   0x08000217   Thumb Code     0  libinit2.o(.ARM.Collect$$libinit$$0000002E)
    __rt_lib_init_argv_1                     0x08000217   Thumb Code     0  libinit2.o(.ARM.Collect$$libinit$$0000002C)
    __rt_lib_init_atexit_1                   0x08000217   Thumb Code     0  libinit2.o(.ARM.Collect$$libinit$$0000001B)
    __rt_lib_init_clock_1                    0x08000217   Thumb Code     0  libinit2.o(.ARM.Collect$$libinit$$00000021)
    __rt_lib_init_cpp_1                      0x08000217   Thumb Code     0  libinit2.o(.ARM.Collect$$libinit$$00000032)
    __rt_lib_init_exceptions_1               0x08000217   Thumb Code     0  libinit2.o(.ARM.Collect$$libinit$$00000030)
    __rt_lib_init_fp_trap_1                  0x08000217   Thumb Code     0  libinit2.o(.ARM.Collect$$libinit$$0000001F)
    __rt_lib_init_getenv_1                   0x08000217   Thumb Code     0  libinit2.o(.ARM.Collect$$libinit$$00000023)
    __rt_lib_init_lc_numeric_1               0x08000217   Thumb Code     0  libinit2.o(.ARM.Collect$$libinit$$00000017)
    __rt_lib_init_lc_time_1                  0x08000217   Thumb Code     0  libinit2.o(.ARM.Collect$$libinit$$00000019)
    __rt_lib_init_return                     0x08000217   Thumb Code     0  libinit2.o(.ARM.Collect$$libinit$$00000033)
    __rt_lib_init_signal_1                   0x08000217   Thumb Code     0  libinit2.o(.ARM.Collect$$libinit$$0000001D)
    __rt_lib_init_stdio_1                    0x08000217   Thumb Code     0  libinit2.o(.ARM.Collect$$libinit$$00000025)
    __rt_lib_shutdown                        0x08000219   Thumb Code     0  libshutdown.o(.ARM.Collect$$libshutdown$$00000000)
    __rt_lib_shutdown_cpp_1                  0x0800021b   Thumb Code     0  libshutdown2.o(.ARM.Collect$$libshutdown$$00000002)
    __rt_lib_shutdown_fp_trap_1              0x0800021b   Thumb Code     0  libshutdown2.o(.ARM.Collect$$libshutdown$$00000007)
    __rt_lib_shutdown_heap_1                 0x0800021b   Thumb Code     0  libshutdown2.o(.ARM.Collect$$libshutdown$$0000000F)
    __rt_lib_shutdown_return                 0x0800021b   Thumb Code     0  libshutdown2.o(.ARM.Collect$$libshutdown$$00000010)
    __rt_lib_shutdown_signal_1               0x0800021b   Thumb Code     0  libshutdown2.o(.ARM.Collect$$libshutdown$$0000000A)
    __rt_lib_shutdown_stdio_1                0x0800021b   Thumb Code     0  libshutdown2.o(.ARM.Collect$$libshutdown$$00000004)
    __rt_lib_shutdown_user_alloc_1           0x0800021b   Thumb Code     0  libshutdown2.o(.ARM.Collect$$libshutdown$$0000000C)
    __rt_entry                               0x0800021d   Thumb Code     0  __rtentry.o(.ARM.Collect$$rtentry$$00000000)
    __rt_entry_presh_1                       0x0800021d   Thumb Code     0  __rtentry2.o(.ARM.Collect$$rtentry$$00000002)
    __rt_entry_sh                            0x0800021d   Thumb Code     0  __rtentry4.o(.ARM.Collect$$rtentry$$00000004)
    __rt_entry_li                            0x08000223   Thumb Code     0  __rtentry2.o(.ARM.Collect$$rtentry$$0000000A)
    __rt_entry_postsh_1                      0x08000223   Thumb Code     0  __rtentry2.o(.ARM.Collect$$rtentry$$00000009)
    __rt_entry_main                          0x08000227   Thumb Code     0  __rtentry2.o(.ARM.Collect$$rtentry$$0000000D)
    __rt_entry_postli_1                      0x08000227   Thumb Code     0  __rtentry2.o(.ARM.Collect$$rtentry$$0000000C)
    __rt_exit                                0x0800022f   Thumb Code     0  rtexit.o(.ARM.Collect$$rtexit$$00000000)
    __rt_exit_ls                             0x08000231   Thumb Code     0  rtexit2.o(.ARM.Collect$$rtexit$$00000003)
    __rt_exit_prels_1                        0x08000231   Thumb Code     0  rtexit2.o(.ARM.Collect$$rtexit$$00000002)
    __rt_exit_exit                           0x08000235   Thumb Code     0  rtexit2.o(.ARM.Collect$$rtexit$$00000004)
    NMI_Handler                              0x0800023d   Thumb Code     2  stm32f10x_it.o(.text)
    _maybe_terminate_alloc                   0x0800023d   Thumb Code     0  maybetermalloc1.o(.emb_text)
    HardFault_Handler                        0x0800023f   Thumb Code    12  stm32f10x_it.o(.text)
    MemManage_Handler                        0x0800024b   Thumb Code    12  stm32f10x_it.o(.text)
    BusFault_Handler                         0x08000257   Thumb Code    12  stm32f10x_it.o(.text)
    UsageFault_Handler                       0x08000263   Thumb Code    12  stm32f10x_it.o(.text)
    SVC_Handler                              0x0800026f   Thumb Code     2  stm32f10x_it.o(.text)
    DebugMon_Handler                         0x08000271   Thumb Code     2  stm32f10x_it.o(.text)
    SysTick_Handler                          0x08000273   Thumb Code     2  stm32f10x_it.o(.text)
    EXTI0_IRQHandler                         0x08000275   Thumb Code     2  stm32f10x_it.o(.text)
    RTC_IRQHandler                           0x08000277   Thumb Code     2  stm32f10x_it.o(.text)
    SystemInit                               0x0800044f   Thumb Code    78  system_stm32f10x.o(.text)
    SystemCoreClockUpdate                    0x0800049d   Thumb Code   142  system_stm32f10x.o(.text)
    Reset_Handler                            0x08000559   Thumb Code     8  startup_stm32f10x_md.o(.text)
    PendSV_Handler                           0x0800056f   Thumb Code     2  startup_stm32f10x_md.o(.text)
    ADC1_2_IRQHandler                        0x08000573   Thumb Code     0  startup_stm32f10x_md.o(.text)
    CAN1_RX1_IRQHandler                      0x08000573   Thumb Code     0  startup_stm32f10x_md.o(.text)
    CAN1_SCE_IRQHandler                      0x08000573   Thumb Code     0  startup_stm32f10x_md.o(.text)
    DMA1_Channel1_IRQHandler                 0x08000573   Thumb Code     0  startup_stm32f10x_md.o(.text)
    DMA1_Channel2_IRQHandler                 0x08000573   Thumb Code     0  startup_stm32f10x_md.o(.text)
    DMA1_Channel3_IRQHandler                 0x08000573   Thumb Code     0  startup_stm32f10x_md.o(.text)
    DMA1_Channel4_IRQHandler                 0x08000573   Thumb Code     0  startup_stm32f10x_md.o(.text)
    DMA1_Channel5_IRQHandler                 0x08000573   Thumb Code     0  startup_stm32f10x_md.o(.text)
    DMA1_Channel6_IRQHandler                 0x08000573   Thumb Code     0  startup_stm32f10x_md.o(.text)
    DMA1_Channel7_IRQHandler                 0x08000573   Thumb Code     0  startup_stm32f10x_md.o(.text)
    EXTI15_10_IRQHandler                     0x08000573   Thumb Code     0  startup_stm32f10x_md.o(.text)
    EXTI1_IRQHandler                         0x08000573   Thumb Code     0  startup_stm32f10x_md.o(.text)
    EXTI2_IRQHandler                         0x08000573   Thumb Code     0  startup_stm32f10x_md.o(.text)
    EXTI3_IRQHandler                         0x08000573   Thumb Code     0  startup_stm32f10x_md.o(.text)
    EXTI4_IRQHandler                         0x08000573   Thumb Code     0  startup_stm32f10x_md.o(.text)
    EXTI9_5_IRQHandler                       0x08000573   Thumb Code     0  startup_stm32f10x_md.o(.text)
    FLASH_IRQHandler                         0x08000573   Thumb Code     0  startup_stm32f10x_md.o(.text)
    I2C1_ER_IRQHandler                       0x08000573   Thumb Code     0  startup_stm32f10x_md.o(.text)
    I2C1_EV_IRQHandler                       0x08000573   Thumb Code     0  startup_stm32f10x_md.o(.text)
    I2C2_ER_IRQHandler                       0x08000573   Thumb Code     0  startup_stm32f10x_md.o(.text)
    I2C2_EV_IRQHandler                       0x08000573   Thumb Code     0  startup_stm32f10x_md.o(.text)
    PVD_IRQHandler                           0x08000573   Thumb Code     0  startup_stm32f10x_md.o(.text)
    RCC_IRQHandler                           0x08000573   Thumb Code     0  startup_stm32f10x_md.o(.text)
    RTCAlarm_IRQHandler                      0x08000573   Thumb Code     0  startup_stm32f10x_md.o(.text)
    SPI1_IRQHandler                          0x08000573   Thumb Code     0  startup_stm32f10x_md.o(.text)
    SPI2_IRQHandler                          0x08000573   Thumb Code     0  startup_stm32f10x_md.o(.text)
    TAMPER_IRQHandler                        0x08000573   Thumb Code     0  startup_stm32f10x_md.o(.text)
    TIM1_BRK_IRQHandler                      0x08000573   Thumb Code     0  startup_stm32f10x_md.o(.text)
    TIM1_CC_IRQHandler                       0x08000573   Thumb Code     0  startup_stm32f10x_md.o(.text)
    TIM1_TRG_COM_IRQHandler                  0x08000573   Thumb Code     0  startup_stm32f10x_md.o(.text)
    TIM1_UP_IRQHandler                       0x08000573   Thumb Code     0  startup_stm32f10x_md.o(.text)
    TIM2_IRQHandler                          0x08000573   Thumb Code     0  startup_stm32f10x_md.o(.text)
    TIM3_IRQHandler                          0x08000573   Thumb Code     0  startup_stm32f10x_md.o(.text)
    TIM4_IRQHandler                          0x08000573   Thumb Code     0  startup_stm32f10x_md.o(.text)
    USART3_IRQHandler                        0x08000573   Thumb Code     0  startup_stm32f10x_md.o(.text)
    USBWakeUp_IRQHandler                     0x08000573   Thumb Code     0  startup_stm32f10x_md.o(.text)
    USB_HP_CAN1_TX_IRQHandler                0x08000573   Thumb Code     0  startup_stm32f10x_md.o(.text)
    USB_LP_CAN1_RX0_IRQHandler               0x08000573   Thumb Code     0  startup_stm32f10x_md.o(.text)
    WWDG_IRQHandler                          0x08000573   Thumb Code     0  startup_stm32f10x_md.o(.text)
    __user_initial_stackheap                 0x08000575   Thumb Code     0  startup_stm32f10x_md.o(.text)
    NVIC_PriorityGroupConfig                 0x08000599   Thumb Code    10  misc.o(.text)
    NVIC_Init                                0x080005a3   Thumb Code   100  misc.o(.text)
    NVIC_SetVectorTable                      0x08000607   Thumb Code    14  misc.o(.text)
    NVIC_SystemLPConfig                      0x08000615   Thumb Code    34  misc.o(.text)
    SysTick_CLKSourceConfig                  0x08000637   Thumb Code    40  misc.o(.text)
    GPIO_DeInit                              0x08000675   Thumb Code   172  stm32f10x_gpio.o(.text)
    GPIO_AFIODeInit                          0x08000721   Thumb Code    20  stm32f10x_gpio.o(.text)
    GPIO_Init                                0x08000735   Thumb Code   278  stm32f10x_gpio.o(.text)
    GPIO_StructInit                          0x0800084b   Thumb Code    16  stm32f10x_gpio.o(.text)
    GPIO_ReadInputDataBit                    0x0800085b   Thumb Code    18  stm32f10x_gpio.o(.text)
    GPIO_ReadInputData                       0x0800086d   Thumb Code     8  stm32f10x_gpio.o(.text)
    GPIO_ReadOutputDataBit                   0x08000875   Thumb Code    18  stm32f10x_gpio.o(.text)
    GPIO_ReadOutputData                      0x08000887   Thumb Code     8  stm32f10x_gpio.o(.text)
    GPIO_SetBits                             0x0800088f   Thumb Code     4  stm32f10x_gpio.o(.text)
    GPIO_ResetBits                           0x08000893   Thumb Code     4  stm32f10x_gpio.o(.text)
    GPIO_WriteBit                            0x08000897   Thumb Code    10  stm32f10x_gpio.o(.text)
    GPIO_Write                               0x080008a1   Thumb Code     4  stm32f10x_gpio.o(.text)
    GPIO_PinLockConfig                       0x080008a5   Thumb Code    18  stm32f10x_gpio.o(.text)
    GPIO_EventOutputConfig                   0x080008b7   Thumb Code    26  stm32f10x_gpio.o(.text)
    GPIO_EventOutputCmd                      0x080008d1   Thumb Code     6  stm32f10x_gpio.o(.text)
    GPIO_PinRemapConfig                      0x080008d7   Thumb Code   138  stm32f10x_gpio.o(.text)
    GPIO_EXTILineConfig                      0x08000961   Thumb Code    66  stm32f10x_gpio.o(.text)
    GPIO_ETH_MediaInterfaceConfig            0x080009a3   Thumb Code     8  stm32f10x_gpio.o(.text)
    RCC_DeInit                               0x080009d1   Thumb Code    64  stm32f10x_rcc.o(.text)
    RCC_HSEConfig                            0x08000a11   Thumb Code    70  stm32f10x_rcc.o(.text)
    RCC_GetFlagStatus                        0x08000a57   Thumb Code    56  stm32f10x_rcc.o(.text)
    RCC_WaitForHSEStartUp                    0x08000a8f   Thumb Code    56  stm32f10x_rcc.o(.text)
    RCC_AdjustHSICalibrationValue            0x08000ac7   Thumb Code    20  stm32f10x_rcc.o(.text)
    RCC_HSICmd                               0x08000adb   Thumb Code     6  stm32f10x_rcc.o(.text)
    RCC_PLLConfig                            0x08000ae1   Thumb Code    24  stm32f10x_rcc.o(.text)
    RCC_PLLCmd                               0x08000af9   Thumb Code     6  stm32f10x_rcc.o(.text)
    RCC_SYSCLKConfig                         0x08000aff   Thumb Code    18  stm32f10x_rcc.o(.text)
    RCC_GetSYSCLKSource                      0x08000b11   Thumb Code    10  stm32f10x_rcc.o(.text)
    RCC_HCLKConfig                           0x08000b1b   Thumb Code    18  stm32f10x_rcc.o(.text)
    RCC_PCLK1Config                          0x08000b2d   Thumb Code    18  stm32f10x_rcc.o(.text)
    RCC_PCLK2Config                          0x08000b3f   Thumb Code    20  stm32f10x_rcc.o(.text)
    RCC_ITConfig                             0x08000b53   Thumb Code    26  stm32f10x_rcc.o(.text)
    RCC_USBCLKConfig                         0x08000b6d   Thumb Code     8  stm32f10x_rcc.o(.text)
    RCC_ADCCLKConfig                         0x08000b75   Thumb Code    18  stm32f10x_rcc.o(.text)
    RCC_LSEConfig                            0x08000b87   Thumb Code    50  stm32f10x_rcc.o(.text)
    RCC_LSICmd                               0x08000bb9   Thumb Code     6  stm32f10x_rcc.o(.text)
    RCC_RTCCLKConfig                         0x08000bbf   Thumb Code    12  stm32f10x_rcc.o(.text)
    RCC_RTCCLKCmd                            0x08000bcb   Thumb Code     8  stm32f10x_rcc.o(.text)
    RCC_GetClocksFreq                        0x08000bd3   Thumb Code   192  stm32f10x_rcc.o(.text)
    RCC_AHBPeriphClockCmd                    0x08000c93   Thumb Code    26  stm32f10x_rcc.o(.text)
    RCC_APB2PeriphClockCmd                   0x08000cad   Thumb Code    26  stm32f10x_rcc.o(.text)
    RCC_APB1PeriphClockCmd                   0x08000cc7   Thumb Code    26  stm32f10x_rcc.o(.text)
    RCC_APB2PeriphResetCmd                   0x08000ce1   Thumb Code    26  stm32f10x_rcc.o(.text)
    RCC_APB1PeriphResetCmd                   0x08000cfb   Thumb Code    26  stm32f10x_rcc.o(.text)
    RCC_BackupResetCmd                       0x08000d15   Thumb Code     8  stm32f10x_rcc.o(.text)
    RCC_ClockSecuritySystemCmd               0x08000d1d   Thumb Code     6  stm32f10x_rcc.o(.text)
    RCC_MCOConfig                            0x08000d23   Thumb Code     6  stm32f10x_rcc.o(.text)
    RCC_ClearFlag                            0x08000d29   Thumb Code    14  stm32f10x_rcc.o(.text)
    RCC_GetITStatus                          0x08000d37   Thumb Code    20  stm32f10x_rcc.o(.text)
    RCC_ClearITPendingBit                    0x08000d4b   Thumb Code     6  stm32f10x_rcc.o(.text)
    USART_DeInit                             0x08000d7d   Thumb Code   134  stm32f10x_usart.o(.text)
    USART_Init                               0x08000e03   Thumb Code   210  stm32f10x_usart.o(.text)
    USART_StructInit                         0x08000ed5   Thumb Code    24  stm32f10x_usart.o(.text)
    USART_ClockInit                          0x08000eed   Thumb Code    34  stm32f10x_usart.o(.text)
    USART_ClockStructInit                    0x08000f0f   Thumb Code    12  stm32f10x_usart.o(.text)
    USART_Cmd                                0x08000f1b   Thumb Code    24  stm32f10x_usart.o(.text)
    USART_ITConfig                           0x08000f33   Thumb Code    74  stm32f10x_usart.o(.text)
    USART_DMACmd                             0x08000f7d   Thumb Code    18  stm32f10x_usart.o(.text)
    USART_SetAddress                         0x08000f8f   Thumb Code    18  stm32f10x_usart.o(.text)
    USART_WakeUpConfig                       0x08000fa1   Thumb Code    18  stm32f10x_usart.o(.text)
    USART_ReceiverWakeUpCmd                  0x08000fb3   Thumb Code    24  stm32f10x_usart.o(.text)
    USART_LINBreakDetectLengthConfig         0x08000fcb   Thumb Code    18  stm32f10x_usart.o(.text)
    USART_LINCmd                             0x08000fdd   Thumb Code    24  stm32f10x_usart.o(.text)
    USART_SendData                           0x08000ff5   Thumb Code     8  stm32f10x_usart.o(.text)
    USART_ReceiveData                        0x08000ffd   Thumb Code    10  stm32f10x_usart.o(.text)
    USART_SendBreak                          0x08001007   Thumb Code    10  stm32f10x_usart.o(.text)
    USART_SetGuardTime                       0x08001011   Thumb Code    16  stm32f10x_usart.o(.text)
    USART_SetPrescaler                       0x08001021   Thumb Code    16  stm32f10x_usart.o(.text)
    USART_SmartCardCmd                       0x08001031   Thumb Code    24  stm32f10x_usart.o(.text)
    USART_SmartCardNACKCmd                   0x08001049   Thumb Code    24  stm32f10x_usart.o(.text)
    USART_HalfDuplexCmd                      0x08001061   Thumb Code    24  stm32f10x_usart.o(.text)
    USART_OverSampling8Cmd                   0x08001079   Thumb Code    22  stm32f10x_usart.o(.text)
    USART_OneBitMethodCmd                    0x0800108f   Thumb Code    24  stm32f10x_usart.o(.text)
    USART_IrDAConfig                         0x080010a7   Thumb Code    18  stm32f10x_usart.o(.text)
    USART_IrDACmd                            0x080010b9   Thumb Code    24  stm32f10x_usart.o(.text)
    USART_GetFlagStatus                      0x080010d1   Thumb Code    26  stm32f10x_usart.o(.text)
    USART_ClearFlag                          0x080010eb   Thumb Code    18  stm32f10x_usart.o(.text)
    USART_GetITStatus                        0x080010fd   Thumb Code    84  stm32f10x_usart.o(.text)
    USART_ClearITPendingBit                  0x08001151   Thumb Code    52  stm32f10x_usart.o(.text)
    Beep_Set                                 0x08001185   Thumb Code    20  beep.o(.text)
    Beep_Init                                0x08001199   Thumb Code    60  beep.o(.text)
    Delay_Init                               0x080011e1   Thumb Code    48  delay.o(.text)
    DelayUs                                  0x08001211   Thumb Code    60  delay.o(.text)
    DelayXms                                 0x0800124d   Thumb Code    66  delay.o(.text)
    DelayMs                                  0x0800128f   Thumb Code    60  delay.o(.text)
    Usart1_Init                              0x080012d5   Thumb Code   166  usart.o(.text)
    Usart2_Init                              0x0800137b   Thumb Code   162  usart.o(.text)
    Usart_SendString                         0x0800141d   Thumb Code    50  usart.o(.text)
    UsartPrintf                              0x0800144f   Thumb Code    72  usart.o(.text)
    USART1_IRQHandler                        0x08001497   Thumb Code    24  usart.o(.text)
    IIC_SpeedCtl                             0x080014bd   Thumb Code     6  i2c.o(.text)
    IIC_Init                                 0x080014c3   Thumb Code    66  i2c.o(.text)
    IIC_Start                                0x08001505   Thumb Code    60  i2c.o(.text)
    IIC_Stop                                 0x08001541   Thumb Code    60  i2c.o(.text)
    IIC_WaitAck                              0x0800157d   Thumb Code   100  i2c.o(.text)
    IIC_Ack                                  0x080015e1   Thumb Code    60  i2c.o(.text)
    IIC_NAck                                 0x0800161d   Thumb Code    60  i2c.o(.text)
    IIC_SendByte                             0x08001659   Thumb Code    96  i2c.o(.text)
    IIC_RecvByte                             0x080016b9   Thumb Code    86  i2c.o(.text)
    I2C_WriteByte                            0x0800170f   Thumb Code    92  i2c.o(.text)
    I2C_ReadByte                             0x0800176b   Thumb Code   106  i2c.o(.text)
    I2C_WriteBytes                           0x080017d5   Thumb Code   116  i2c.o(.text)
    I2C_ReadBytes                            0x08001849   Thumb Code   168  i2c.o(.text)
    SHT20_reset                              0x080018f1   Thumb Code    14  sht20.o(.text)
    SHT20_read_user_reg                      0x080018ff   Thumb Code    22  sht20.o(.text)
    SHT2x_CheckCrc                           0x08001915   Thumb Code    74  sht20.o(.text)
    SHT2x_CalcTemperatureC                   0x0800195f   Thumb Code    60  sht20.o(.text)
    SHT2x_CalcRH                             0x0800199b   Thumb Code    60  sht20.o(.text)
    SHT2x_MeasureHM                          0x080019d7   Thumb Code   208  sht20.o(.text)
    SHT20_GetValue                           0x08001aa7   Thumb Code   106  sht20.o(.text)
    Hardware_Init                            0x08001b31   Thumb Code    48  main.o(.text)
    main                                     0x08001b61   Thumb Code   142  main.o(.text)
    OneNET_RegisterDevice                    0x08001e7f   Thumb Code   216  onenet.o(.text)
    OneNet_DevLink                           0x08001f57   Thumb Code   242  onenet.o(.text)
    OneNet_FillBuf                           0x08002049   Thumb Code   816  onenet.o(.text)
    OneNet_SendData                          0x08002379   Thumb Code   130  onenet.o(.text)
    OneNET_Publish                           0x080023fb   Thumb Code    86  onenet.o(.text)
    OneNET_Subscribe                         0x08002451   Thumb Code    82  onenet.o(.text)
    OneNet_RevPro                            0x080024a3   Thumb Code   334  onenet.o(.text)
    ft                                       0x08002759   Thumb Code    76  hmac_sha1.o(.text)
    k                                        0x080027a5   Thumb Code    34  hmac_sha1.o(.text)
    rotr                                     0x080027c7   Thumb Code    40  hmac_sha1.o(.text)
    rotl                                     0x080027ef   Thumb Code    46  hmac_sha1.o(.text)
    sha1                                     0x0800281d   Thumb Code   632  hmac_sha1.o(.text)
    hmac_sha1                                0x08002a95   Thumb Code   360  hmac_sha1.o(.text)
    BASE64_Encode                            0x08002bfd   Thumb Code   320  base64.o(.text)
    BASE64_Decode                            0x08002d3d   Thumb Code   360  base64.o(.text)
    MQTT_NewBuffer                           0x08002ead   Thumb Code    88  mqttkit.o(.text)
    MQTT_DeleteBuffer                        0x08002f05   Thumb Code    28  mqttkit.o(.text)
    MQTT_DumpLength                          0x08002f21   Thumb Code    46  mqttkit.o(.text)
    MQTT_ReadLength                          0x08002f4f   Thumb Code    70  mqttkit.o(.text)
    MQTT_UnPacketRecv                        0x08002f95   Thumb Code   106  mqttkit.o(.text)
    MQTT_PacketConnect                       0x08002fff   Thumb Code   666  mqttkit.o(.text)
    MQTT_PacketDisConnect                    0x08003299   Thumb Code    48  mqttkit.o(.text)
    MQTT_UnPacketConnectAck                  0x080032c9   Thumb Code    30  mqttkit.o(.text)
    MQTT_PacketPublish                       0x080032e7   Thumb Code   452  mqttkit.o(.text)
    MQTT_PacketSaveData                      0x080034ab   Thumb Code    68  mqttkit.o(.text)
    MQTT_PacketSaveBinData                   0x080034ef   Thumb Code   192  mqttkit.o(.text)
    MQTT_UnPacketCmd                         0x080035af   Thumb Code   140  mqttkit.o(.text)
    MQTT_PacketCmdResp                       0x0800363b   Thumb Code   132  mqttkit.o(.text)
    MQTT_PacketSubscribe                     0x080036bf   Thumb Code   254  mqttkit.o(.text)
    MQTT_UnPacketSubscribe                   0x080037bd   Thumb Code    52  mqttkit.o(.text)
    MQTT_PacketUnSubscribe                   0x080037f1   Thumb Code   292  mqttkit.o(.text)
    MQTT_UnPacketUnSubscribe                 0x08003915   Thumb Code    18  mqttkit.o(.text)
    MQTT_UnPacketPublish                     0x08003927   Thumb Code   440  mqttkit.o(.text)
    MQTT_PacketPublishAck                    0x08003adf   Thumb Code    72  mqttkit.o(.text)
    MQTT_UnPacketPublishAck                  0x08003b27   Thumb Code    30  mqttkit.o(.text)
    MQTT_PacketPublishRec                    0x08003b45   Thumb Code    72  mqttkit.o(.text)
    MQTT_UnPacketPublishRec                  0x08003b8d   Thumb Code    30  mqttkit.o(.text)
    MQTT_PacketPublishRel                    0x08003bab   Thumb Code    72  mqttkit.o(.text)
    MQTT_UnPacketPublishRel                  0x08003bf3   Thumb Code    36  mqttkit.o(.text)
    MQTT_PacketPublishComp                   0x08003c17   Thumb Code    72  mqttkit.o(.text)
    MQTT_UnPacketPublishComp                 0x08003c5f   Thumb Code    30  mqttkit.o(.text)
    MQTT_PacketPing                          0x08003c7d   Thumb Code    48  mqttkit.o(.text)
    ESP8266_Clear                            0x08003cad   Thumb Code    20  esp8266.o(.text)
    ESP8266_WaitRecive                       0x08003cc1   Thumb Code    42  esp8266.o(.text)
    ESP8266_SendCmd                          0x08003ceb   Thumb Code    76  esp8266.o(.text)
    ESP8266_SendData                         0x08003d37   Thumb Code    46  esp8266.o(.text)
    ESP8266_GetIPD                           0x08003d65   Thumb Code    68  esp8266.o(.text)
    ESP8266_Init                             0x08003da9   Thumb Code   206  esp8266.o(.text)
    USART2_IRQHandler                        0x08003e77   Thumb Code    64  esp8266.o(.text)
    malloc                                   0x08003f95   Thumb Code    94  h1_alloc.o(.text)
    free                                     0x08003ff3   Thumb Code    78  h1_free.o(.text)
    __c89vsnprintf                           0x08004041   Thumb Code    48  c89vsnprintf.o(.text)
    __2sprintf                               0x08004075   Thumb Code    38  __2sprintf.o(.text)
    __2snprintf                              0x080040a1   Thumb Code    50  __2snprintf.o(.text)
    _printf_str                              0x080040d9   Thumb Code    82  _printf_str.o(.text)
    _printf_int_dec                          0x0800412d   Thumb Code   104  _printf_dec.o(.text)
    __printf                                 0x080041a5   Thumb Code   388  __printf_flags_ss_wp.o(.text)
    __0sscanf                                0x0800432d   Thumb Code    52  __0sscanf.o(.text)
    _scanf_int                               0x08004369   Thumb Code   332  _scanf_int.o(.text)
    _scanf_string                            0x080044b5   Thumb Code   224  _scanf_str.o(.text)
    atoi                                     0x08004595   Thumb Code    26  atoi.o(.text)
    strchr                                   0x080045af   Thumb Code    20  strchr.o(.text)
    strncat                                  0x080045c3   Thumb Code    36  strncat.o(.text)
    strstr                                   0x080045e7   Thumb Code    36  strstr.o(.text)
    strcpy                                   0x0800460b   Thumb Code    72  strcpy.o(.text)
    strlen                                   0x08004653   Thumb Code    62  strlen.o(.text)
    strcat                                   0x08004691   Thumb Code    24  strcat.o(.text)
    __aeabi_memcpy                           0x080046a9   Thumb Code     0  rt_memcpy_v6.o(.text)
    __rt_memcpy                              0x080046a9   Thumb Code   138  rt_memcpy_v6.o(.text)
    _memcpy_lastbytes                        0x0800470f   Thumb Code     0  rt_memcpy_v6.o(.text)
    __aeabi_memclr                           0x08004733   Thumb Code     0  rt_memclr.o(.text)
    __rt_memclr                              0x08004733   Thumb Code    68  rt_memclr.o(.text)
    _memset                                  0x08004737   Thumb Code     0  rt_memclr.o(.text)
    __aeabi_memclr4                          0x08004777   Thumb Code     0  rt_memclr_w.o(.text)
    __aeabi_memclr8                          0x08004777   Thumb Code     0  rt_memclr_w.o(.text)
    __rt_memclr_w                            0x08004777   Thumb Code    78  rt_memclr_w.o(.text)
    _memset_w                                0x0800477b   Thumb Code     0  rt_memclr_w.o(.text)
    __use_two_region_memory                  0x080047c5   Thumb Code     2  heapauxi.o(.text)
    __rt_heap_escrow                         0x080047c7   Thumb Code     2  heapauxi.o(.text)
    __rt_heap_expand                         0x080047c9   Thumb Code     2  heapauxi.o(.text)
    __rt_heap_descriptor                     0x080047cd   Thumb Code     8  rt_heap_descriptor_intlibspace.o(.text)
    __aeabi_errno_addr                       0x080047d5   Thumb Code     8  rt_errno_addr_intlibspace.o(.text)
    __errno$intlibspace                      0x080047d5   Thumb Code     0  rt_errno_addr_intlibspace.o(.text)
    __rt_errno_addr$intlibspace              0x080047d5   Thumb Code     0  rt_errno_addr_intlibspace.o(.text)
    __use_no_heap                            0x080047dd   Thumb Code     2  hguard.o(.text)
    __heap$guard                             0x080047df   Thumb Code     2  hguard.o(.text)
    _terminate_user_alloc                    0x080047e1   Thumb Code     2  init_alloc.o(.text)
    _init_user_alloc                         0x080047e3   Thumb Code     2  init_alloc.o(.text)
    __Heap_Full                              0x080047e5   Thumb Code    34  init_alloc.o(.text)
    __Heap_Broken                            0x08004807   Thumb Code     6  init_alloc.o(.text)
    _init_alloc                              0x0800480d   Thumb Code    94  init_alloc.o(.text)
    __Heap_Initialize                        0x0800486b   Thumb Code    10  h1_init.o(.text)
    __Heap_DescSize                          0x08004875   Thumb Code     4  h1_init.o(.text)
    _printf_pre_padding                      0x08004879   Thumb Code    44  _printf_pad.o(.text)
    _printf_post_padding                     0x080048a5   Thumb Code    34  _printf_pad.o(.text)
    _printf_truncate_signed                  0x080048c7   Thumb Code    18  _printf_truncate.o(.text)
    _printf_truncate_unsigned                0x080048d9   Thumb Code    18  _printf_truncate.o(.text)
    _printf_int_common                       0x080048eb   Thumb Code   178  _printf_intcommon.o(.text)
    _printf_charcount                        0x0800499d   Thumb Code    40  _printf_charcount.o(.text)
    __lib_sel_fp_printf                      0x080049c5   Thumb Code     2  _printf_fp_dec.o(.text)
    _printf_fp_dec_real                      0x08004b73   Thumb Code   620  _printf_fp_dec.o(.text)
    _printf_char_common                      0x08004deb   Thumb Code    32  _printf_char_common.o(.text)
    _sputc                                   0x08004e11   Thumb Code    10  _sputc.o(.text)
    _snputc                                  0x08004e1b   Thumb Code    16  _snputc.o(.text)
    _printf_cs_common                        0x08004e2b   Thumb Code    20  _printf_char.o(.text)
    _printf_char                             0x08004e3f   Thumb Code    16  _printf_char.o(.text)
    _printf_string                           0x08004e4f   Thumb Code     8  _printf_char.o(.text)
    _printf_wctomb                           0x08004e59   Thumb Code   182  _printf_wctomb.o(.text)
    _printf_longlong_dec                     0x08004f15   Thumb Code   108  _printf_longlong_dec.o(.text)
    _printf_longlong_oct                     0x08004f91   Thumb Code    68  _printf_oct_int_ll.o(.text)
    _printf_int_oct                          0x08004fd5   Thumb Code    24  _printf_oct_int_ll.o(.text)
    _printf_ll_oct                           0x08004fed   Thumb Code    12  _printf_oct_int_ll.o(.text)
    _printf_longlong_hex                     0x08005001   Thumb Code    86  _printf_hex_int_ll_ptr.o(.text)
    _printf_int_hex                          0x08005057   Thumb Code    28  _printf_hex_int_ll_ptr.o(.text)
    _printf_ll_hex                           0x08005073   Thumb Code    12  _printf_hex_int_ll_ptr.o(.text)
    _printf_hex_ptr                          0x0800507f   Thumb Code    18  _printf_hex_int_ll_ptr.o(.text)
    _chval                                   0x08005095   Thumb Code    28  _chval.o(.text)
    __vfscanf_char                           0x080050bd   Thumb Code    24  scanf_char.o(.text)
    _sgetc                                   0x080050dd   Thumb Code    30  _sgetc.o(.text)
    _sbackspace                              0x080050fb   Thumb Code    34  _sgetc.o(.text)
    strtol                                   0x0800511d   Thumb Code   112  strtol.o(.text)
    __aeabi_memcpy4                          0x0800518d   Thumb Code     0  rt_memcpy_w.o(.text)
    __aeabi_memcpy8                          0x0800518d   Thumb Code     0  rt_memcpy_w.o(.text)
    __rt_memcpy_w                            0x0800518d   Thumb Code   100  rt_memcpy_w.o(.text)
    _memcpy_lastbytes_aligned                0x080051d5   Thumb Code     0  rt_memcpy_w.o(.text)
    __user_libspace                          0x080051f1   Thumb Code     8  libspace.o(.text)
    __user_perproc_libspace                  0x080051f1   Thumb Code     0  libspace.o(.text)
    __user_perthread_libspace                0x080051f1   Thumb Code     0  libspace.o(.text)
    __rt_ctype_table                         0x080051f9   Thumb Code    16  rt_ctype_table.o(.text)
    __rt_locale                              0x08005209   Thumb Code     8  rt_locale_intlibspace.o(.text)
    __Heap_ProvideMemory                     0x08005211   Thumb Code    52  h1_extend.o(.text)
    _ll_udiv10                               0x08005245   Thumb Code   138  lludiv10.o(.text)
    isspace                                  0x080052cf   Thumb Code    18  isspace.o(.text)
    _printf_fp_infnan                        0x080052e1   Thumb Code   112  _printf_fp_infnan.o(.text)
    _printf_lcs_common                       0x08005361   Thumb Code    20  _printf_wchar.o(.text)
    _printf_wchar                            0x08005375   Thumb Code    16  _printf_wchar.o(.text)
    _printf_wstring                          0x08005385   Thumb Code     8  _printf_wchar.o(.text)
    __vfscanf                                0x0800538d   Thumb Code   878  _scanf.o(.text)
    _strtoul                                 0x08005701   Thumb Code   158  _strtoul.o(.text)
    _btod_etento                             0x080057a1   Thumb Code   216  bigflt0.o(.text)
    _wcrtomb                                 0x0800587d   Thumb Code    64  _wcrtomb.o(.text)
    __rt_SIGRTMEM                            0x080058bd   Thumb Code    14  defsig_rtmem_outer.o(.text)
    __I$use$semihosting                      0x080058cb   Thumb Code     0  use_no_semi.o(.text)
    __use_no_semihosting_swi                 0x080058cb   Thumb Code     2  use_no_semi.o(.text)
    __semihosting_library_function           0x080058cd   Thumb Code     0  indicate_semi.o(.text)
    __user_setup_stackheap                   0x080058cd   Thumb Code    74  sys_stackheap_outer.o(.text)
    exit                                     0x08005917   Thumb Code    18  exit.o(.text)
    __sig_exit                               0x08005929   Thumb Code    10  defsig_exit.o(.text)
    __rt_SIGRTMEM_inner                      0x08005935   Thumb Code    22  defsig_rtmem_inner.o(.text)
    strcmp                                   0x08005985   Thumb Code   128  strcmpv7m.o(.text)
    _sys_exit                                0x08005a05   Thumb Code     8  sys_exit.o(.text)
    __default_signal_display                 0x08005a11   Thumb Code    50  defsig_general.o(.text)
    _ttywrch                                 0x08005a43   Thumb Code    14  sys_wrch.o(.text)
    _btod_d2e                                0x08005a51   Thumb Code    62  btod.o(CL$$btod_d2e)
    _d2e_denorm_low                          0x08005a8f   Thumb Code    70  btod.o(CL$$btod_d2e_denorm_low)
    _d2e_norm_op1                            0x08005ad5   Thumb Code    96  btod.o(CL$$btod_d2e_norm_op1)
    __btod_div_common                        0x08005b35   Thumb Code   696  btod.o(CL$$btod_div_common)
    _e2e                                     0x08005e6d   Thumb Code   198  btod.o(CL$$btod_e2e)
    _btod_ediv                               0x08005f33   Thumb Code    40  btod.o(CL$$btod_ediv)
    _btod_emul                               0x08005f5b   Thumb Code    40  btod.o(CL$$btod_emul)
    __btod_mult_common                       0x08005f83   Thumb Code   580  btod.o(CL$$btod_mult_common)
    __ARM_fpclassify                         0x080061c7   Thumb Code    40  fpclassify.o(i.__ARM_fpclassify)
    _is_digit                                0x080061ef   Thumb Code    14  __printf_wp.o(i._is_digit)
    _get_lc_numeric                          0x080061fd   Thumb Code    44  lc_numeric_c.o(locale$$code)
    _get_lc_ctype                            0x08006229   Thumb Code    44  lc_ctype_c.o(locale$$code)
    __aeabi_d2f                              0x08006255   Thumb Code     0  d2f.o(x$fpl$d2f)
    _d2f                                     0x08006255   Thumb Code    98  d2f.o(x$fpl$d2f)
    __aeabi_dadd                             0x080062b9   Thumb Code     0  daddsub_clz.o(x$fpl$dadd)
    _dadd                                    0x080062b9   Thumb Code   332  daddsub_clz.o(x$fpl$dadd)
    __aeabi_dmul                             0x08006409   Thumb Code     0  dmul.o(x$fpl$dmul)
    _dmul                                    0x08006409   Thumb Code   332  dmul.o(x$fpl$dmul)
    __fpl_dnaninf                            0x0800655d   Thumb Code   156  dnaninf.o(x$fpl$dnaninf)
    __fpl_dretinf                            0x080065f9   Thumb Code    12  dretinf.o(x$fpl$dretinf)
    __aeabi_dsub                             0x08006605   Thumb Code     0  daddsub_clz.o(x$fpl$dsub)
    _dsub                                    0x08006605   Thumb Code   464  daddsub_clz.o(x$fpl$dsub)
    __aeabi_f2d                              0x080067d9   Thumb Code     0  f2d.o(x$fpl$f2d)
    _f2d                                     0x080067d9   Thumb Code    86  f2d.o(x$fpl$f2d)
    __aeabi_f2uiz                            0x08006831   Thumb Code     0  ffixu.o(x$fpl$ffixu)
    _ffixu                                   0x08006831   Thumb Code    62  ffixu.o(x$fpl$ffixu)
    __aeabi_ui2f                             0x08006871   Thumb Code     0  fflt_clz.o(x$fpl$ffltu)
    _ffltu                                   0x08006871   Thumb Code    38  fflt_clz.o(x$fpl$ffltu)
    __fpl_fnaninf                            0x08006897   Thumb Code   140  fnaninf.o(x$fpl$fnaninf)
    __fpl_fretinf                            0x08006923   Thumb Code    10  fretinf.o(x$fpl$fretinf)
    _printf_fp_dec                           0x0800692d   Thumb Code     4  printf1.o(x$fpl$printf1)
    __I$use$fp                               0x08006930   Number         0  usenofp.o(x$fpl$usenofp)
    Region$$Table$$Base                      0x08006bec   Number         0  anon$$obj.o(Region$$Table)
    Region$$Table$$Limit                     0x08006c0c   Number         0  anon$$obj.o(Region$$Table)
    __ctype                                  0x08006c35   Data           0  lc_ctype_c.o(locale$$data)
    SystemCoreClock                          0x20000000   Data           4  system_stm32f10x.o(.data)
    AHBPrescTable                            0x20000004   Data          16  system_stm32f10x.o(.data)
    beep_info                                0x20000028   Data           1  beep.o(.data)
    UsCount                                  0x2000002a   Data           1  delay.o(.data)
    MsCount                                  0x2000002c   Data           2  delay.o(.data)
    iic_info                                 0x2000002e   Data           2  i2c.o(.data)
    sht20_info                               0x20000030   Data           8  sht20.o(.data)
    esp8266_cnt                              0x2000003a   Data           2  esp8266.o(.data)
    esp8266_cntPre                           0x2000003c   Data           2  esp8266.o(.data)
    devid                                    0x20000040   Data          16  onenet.o(.bss)
    key                                      0x20000050   Data          48  onenet.o(.bss)
    esp8266_buf                              0x20000080   Data         512  esp8266.o(.bss)
    __libspace_start                         0x20000280   Data          96  libspace.o(.bss)
    __temporary_stack_top$libspace           0x200002e0   Data           0  libspace.o(.bss)



==============================================================================

Memory Map of the image

  Image Entry point : 0x080000ed

  Load Region LR_IROM1 (Base: 0x08000000, Size: 0x00006d78, Max: 0x00010000, ABSOLUTE)

    Execution Region ER_IROM1 (Base: 0x08000000, Size: 0x00006d38, Max: 0x00010000, ABSOLUTE)

    Base Addr    Size         Type   Attr      Idx    E Section Name        Object

    0x08000000   0x000000ec   Data   RO          139    RESET               startup_stm32f10x_md.o
    0x080000ec   0x00000008   Code   RO          611  * !!!main             c_w.l(__main.o)
    0x080000f4   0x00000034   Code   RO          990    !!!scatter          c_w.l(__scatter.o)
    0x08000128   0x0000001a   Code   RO          992    !!handler_copy      c_w.l(__scatter_copy.o)
    0x08000142   0x00000002   PAD
    0x08000144   0x0000001c   Code   RO          994    !!handler_zi        c_w.l(__scatter_zi.o)
    0x08000160   0x00000000   Code   RO          582    .ARM.Collect$$_printf_percent$$00000000  c_w.l(_printf_percent.o)
    0x08000160   0x00000006   Code   RO          721    .ARM.Collect$$_printf_percent$$00000001  c_w.l(_printf_n.o)
    0x08000166   0x00000006   Code   RO          723    .ARM.Collect$$_printf_percent$$00000002  c_w.l(_printf_p.o)
    0x0800016c   0x00000006   Code   RO          581    .ARM.Collect$$_printf_percent$$00000003  c_w.l(_printf_f.o)
    0x08000172   0x00000006   Code   RO          727    .ARM.Collect$$_printf_percent$$00000004  c_w.l(_printf_e.o)
    0x08000178   0x00000006   Code   RO          728    .ARM.Collect$$_printf_percent$$00000005  c_w.l(_printf_g.o)
    0x0800017e   0x00000006   Code   RO          729    .ARM.Collect$$_printf_percent$$00000006  c_w.l(_printf_a.o)
    0x08000184   0x0000000a   Code   RO          734    .ARM.Collect$$_printf_percent$$00000007  c_w.l(_printf_ll.o)
    0x0800018e   0x00000006   Code   RO          725    .ARM.Collect$$_printf_percent$$00000008  c_w.l(_printf_i.o)
    0x08000194   0x00000006   Code   RO          580    .ARM.Collect$$_printf_percent$$00000009  c_w.l(_printf_d.o)
    0x0800019a   0x00000006   Code   RO          726    .ARM.Collect$$_printf_percent$$0000000A  c_w.l(_printf_u.o)
    0x080001a0   0x00000006   Code   RO          724    .ARM.Collect$$_printf_percent$$0000000B  c_w.l(_printf_o.o)
    0x080001a6   0x00000006   Code   RO          722    .ARM.Collect$$_printf_percent$$0000000C  c_w.l(_printf_x.o)
    0x080001ac   0x00000006   Code   RO          731    .ARM.Collect$$_printf_percent$$0000000D  c_w.l(_printf_lli.o)
    0x080001b2   0x00000006   Code   RO          732    .ARM.Collect$$_printf_percent$$0000000E  c_w.l(_printf_lld.o)
    0x080001b8   0x00000006   Code   RO          733    .ARM.Collect$$_printf_percent$$0000000F  c_w.l(_printf_llu.o)
    0x080001be   0x00000006   Code   RO          738    .ARM.Collect$$_printf_percent$$00000010  c_w.l(_printf_llo.o)
    0x080001c4   0x00000006   Code   RO          739    .ARM.Collect$$_printf_percent$$00000011  c_w.l(_printf_llx.o)
    0x080001ca   0x0000000a   Code   RO          735    .ARM.Collect$$_printf_percent$$00000012  c_w.l(_printf_l.o)
    0x080001d4   0x00000006   Code   RO          720    .ARM.Collect$$_printf_percent$$00000013  c_w.l(_printf_c.o)
    0x080001da   0x00000006   Code   RO          579    .ARM.Collect$$_printf_percent$$00000014  c_w.l(_printf_s.o)
    0x080001e0   0x00000006   Code   RO          736    .ARM.Collect$$_printf_percent$$00000015  c_w.l(_printf_lc.o)
    0x080001e6   0x00000006   Code   RO          737    .ARM.Collect$$_printf_percent$$00000016  c_w.l(_printf_ls.o)
    0x080001ec   0x00000004   Code   RO          730    .ARM.Collect$$_printf_percent$$00000017  c_w.l(_printf_percent_end.o)
    0x080001f0   0x00000002   Code   RO          929    .ARM.Collect$$libinit$$00000000  c_w.l(libinit.o)
    0x080001f2   0x00000000   Code   RO          753    .ARM.Collect$$libinit$$00000002  c_w.l(libinit2.o)
    0x080001f2   0x00000000   Code   RO          755    .ARM.Collect$$libinit$$00000004  c_w.l(libinit2.o)
    0x080001f2   0x00000008   Code   RO          756    .ARM.Collect$$libinit$$00000005  c_w.l(libinit2.o)
    0x080001fa   0x00000000   Code   RO          758    .ARM.Collect$$libinit$$0000000A  c_w.l(libinit2.o)
    0x080001fa   0x00000000   Code   RO          760    .ARM.Collect$$libinit$$0000000C  c_w.l(libinit2.o)
    0x080001fa   0x00000000   Code   RO          762    .ARM.Collect$$libinit$$0000000E  c_w.l(libinit2.o)
    0x080001fa   0x00000006   Code   RO          763    .ARM.Collect$$libinit$$0000000F  c_w.l(libinit2.o)
    0x08000200   0x00000000   Code   RO          765    .ARM.Collect$$libinit$$00000011  c_w.l(libinit2.o)
    0x08000200   0x0000000c   Code   RO          766    .ARM.Collect$$libinit$$00000012  c_w.l(libinit2.o)
    0x0800020c   0x00000000   Code   RO          767    .ARM.Collect$$libinit$$00000013  c_w.l(libinit2.o)
    0x0800020c   0x00000000   Code   RO          769    .ARM.Collect$$libinit$$00000015  c_w.l(libinit2.o)
    0x0800020c   0x0000000a   Code   RO          770    .ARM.Collect$$libinit$$00000016  c_w.l(libinit2.o)
    0x08000216   0x00000000   Code   RO          771    .ARM.Collect$$libinit$$00000017  c_w.l(libinit2.o)
    0x08000216   0x00000000   Code   RO          773    .ARM.Collect$$libinit$$00000019  c_w.l(libinit2.o)
    0x08000216   0x00000000   Code   RO          775    .ARM.Collect$$libinit$$0000001B  c_w.l(libinit2.o)
    0x08000216   0x00000000   Code   RO          777    .ARM.Collect$$libinit$$0000001D  c_w.l(libinit2.o)
    0x08000216   0x00000000   Code   RO          779    .ARM.Collect$$libinit$$0000001F  c_w.l(libinit2.o)
    0x08000216   0x00000000   Code   RO          781    .ARM.Collect$$libinit$$00000021  c_w.l(libinit2.o)
    0x08000216   0x00000000   Code   RO          783    .ARM.Collect$$libinit$$00000023  c_w.l(libinit2.o)
    0x08000216   0x00000000   Code   RO          785    .ARM.Collect$$libinit$$00000025  c_w.l(libinit2.o)
    0x08000216   0x00000000   Code   RO          789    .ARM.Collect$$libinit$$0000002C  c_w.l(libinit2.o)
    0x08000216   0x00000000   Code   RO          791    .ARM.Collect$$libinit$$0000002E  c_w.l(libinit2.o)
    0x08000216   0x00000000   Code   RO          793    .ARM.Collect$$libinit$$00000030  c_w.l(libinit2.o)
    0x08000216   0x00000000   Code   RO          795    .ARM.Collect$$libinit$$00000032  c_w.l(libinit2.o)
    0x08000216   0x00000002   Code   RO          796    .ARM.Collect$$libinit$$00000033  c_w.l(libinit2.o)
    0x08000218   0x00000002   Code   RO          987    .ARM.Collect$$libshutdown$$00000000  c_w.l(libshutdown.o)
    0x0800021a   0x00000000   Code   RO          943    .ARM.Collect$$libshutdown$$00000002  c_w.l(libshutdown2.o)
    0x0800021a   0x00000000   Code   RO          945    .ARM.Collect$$libshutdown$$00000004  c_w.l(libshutdown2.o)
    0x0800021a   0x00000000   Code   RO          948    .ARM.Collect$$libshutdown$$00000007  c_w.l(libshutdown2.o)
    0x0800021a   0x00000000   Code   RO          951    .ARM.Collect$$libshutdown$$0000000A  c_w.l(libshutdown2.o)
    0x0800021a   0x00000000   Code   RO          953    .ARM.Collect$$libshutdown$$0000000C  c_w.l(libshutdown2.o)
    0x0800021a   0x00000000   Code   RO          956    .ARM.Collect$$libshutdown$$0000000F  c_w.l(libshutdown2.o)
    0x0800021a   0x00000002   Code   RO          957    .ARM.Collect$$libshutdown$$00000010  c_w.l(libshutdown2.o)
    0x0800021c   0x00000000   Code   RO          639    .ARM.Collect$$rtentry$$00000000  c_w.l(__rtentry.o)
    0x0800021c   0x00000000   Code   RO          812    .ARM.Collect$$rtentry$$00000002  c_w.l(__rtentry2.o)
    0x0800021c   0x00000006   Code   RO          824    .ARM.Collect$$rtentry$$00000004  c_w.l(__rtentry4.o)
    0x08000222   0x00000000   Code   RO          814    .ARM.Collect$$rtentry$$00000009  c_w.l(__rtentry2.o)
    0x08000222   0x00000004   Code   RO          815    .ARM.Collect$$rtentry$$0000000A  c_w.l(__rtentry2.o)
    0x08000226   0x00000000   Code   RO          817    .ARM.Collect$$rtentry$$0000000C  c_w.l(__rtentry2.o)
    0x08000226   0x00000008   Code   RO          818    .ARM.Collect$$rtentry$$0000000D  c_w.l(__rtentry2.o)
    0x0800022e   0x00000002   Code   RO          932    .ARM.Collect$$rtexit$$00000000  c_w.l(rtexit.o)
    0x08000230   0x00000000   Code   RO          961    .ARM.Collect$$rtexit$$00000002  c_w.l(rtexit2.o)
    0x08000230   0x00000004   Code   RO          962    .ARM.Collect$$rtexit$$00000003  c_w.l(rtexit2.o)
    0x08000234   0x00000006   Code   RO          963    .ARM.Collect$$rtexit$$00000004  c_w.l(rtexit2.o)
    0x0800023a   0x00000002   PAD
    0x0800023c   0x00000000   Code   RO          835    .emb_text           c_w.l(maybetermalloc1.o)
    0x0800023c   0x00000134   Code   RO           17    .text               stm32f10x_it.o
    0x08000370   0x000001e8   Code   RO          119    .text               system_stm32f10x.o
    0x08000558   0x00000040   Code   RO          140    .text               startup_stm32f10x_md.o
    0x08000598   0x000000dc   Code   RO          144    .text               misc.o
    0x08000674   0x0000035c   Code   RO          182    .text               stm32f10x_gpio.o
    0x080009d0   0x000003ac   Code   RO          194    .text               stm32f10x_rcc.o
    0x08000d7c   0x00000408   Code   RO          208    .text               stm32f10x_usart.o
    0x08001184   0x0000005c   Code   RO          220    .text               beep.o
    0x080011e0   0x000000f4   Code   RO          238    .text               delay.o
    0x080012d4   0x000001e8   Code   RO          256    .text               usart.o
    0x080014bc   0x00000434   Code   RO          278    .text               i2c.o
    0x080018f0   0x00000240   Code   RO          296    .text               sht20.o
    0x08001b30   0x0000013c   Code   RO          319    .text               main.o
    0x08001c6c   0x00000aec   Code   RO          345    .text               onenet.o
    0x08002758   0x000004a4   Code   RO          388    .text               hmac_sha1.o
    0x08002bfc   0x000002b0   Code   RO          410    .text               base64.o
    0x08002eac   0x00000e00   Code   RO          431    .text               mqttkit.o
    0x08003cac   0x000002e8   Code   RO          459    .text               esp8266.o
    0x08003f94   0x0000005e   Code   RO          485    .text               c_w.l(h1_alloc.o)
    0x08003ff2   0x0000004e   Code   RO          487    .text               c_w.l(h1_free.o)
    0x08004040   0x00000034   Code   RO          543    .text               c_w.l(c89vsnprintf.o)
    0x08004074   0x0000002c   Code   RO          545    .text               c_w.l(__2sprintf.o)
    0x080040a0   0x00000038   Code   RO          547    .text               c_w.l(__2snprintf.o)
    0x080040d8   0x00000052   Code   RO          555    .text               c_w.l(_printf_str.o)
    0x0800412a   0x00000002   PAD
    0x0800412c   0x00000078   Code   RO          557    .text               c_w.l(_printf_dec.o)
    0x080041a4   0x00000188   Code   RO          576    .text               c_w.l(__printf_flags_ss_wp.o)
    0x0800432c   0x0000003c   Code   RO          583    .text               c_w.l(__0sscanf.o)
    0x08004368   0x0000014c   Code   RO          585    .text               c_w.l(_scanf_int.o)
    0x080044b4   0x000000e0   Code   RO          587    .text               c_w.l(_scanf_str.o)
    0x08004594   0x0000001a   Code   RO          589    .text               c_w.l(atoi.o)
    0x080045ae   0x00000014   Code   RO          591    .text               c_w.l(strchr.o)
    0x080045c2   0x00000024   Code   RO          593    .text               c_w.l(strncat.o)
    0x080045e6   0x00000024   Code   RO          595    .text               c_w.l(strstr.o)
    0x0800460a   0x00000048   Code   RO          597    .text               c_w.l(strcpy.o)
    0x08004652   0x0000003e   Code   RO          599    .text               c_w.l(strlen.o)
    0x08004690   0x00000018   Code   RO          601    .text               c_w.l(strcat.o)
    0x080046a8   0x0000008a   Code   RO          603    .text               c_w.l(rt_memcpy_v6.o)
    0x08004732   0x00000044   Code   RO          605    .text               c_w.l(rt_memclr.o)
    0x08004776   0x0000004e   Code   RO          607    .text               c_w.l(rt_memclr_w.o)
    0x080047c4   0x00000006   Code   RO          609    .text               c_w.l(heapauxi.o)
    0x080047ca   0x00000002   PAD
    0x080047cc   0x00000008   Code   RO          643    .text               c_w.l(rt_heap_descriptor_intlibspace.o)
    0x080047d4   0x00000008   Code   RO          648    .text               c_w.l(rt_errno_addr_intlibspace.o)
    0x080047dc   0x00000004   Code   RO          650    .text               c_w.l(hguard.o)
    0x080047e0   0x0000008a   Code   RO          652    .text               c_w.l(init_alloc.o)
    0x0800486a   0x0000000e   Code   RO          656    .text               c_w.l(h1_init.o)
    0x08004878   0x0000004e   Code   RO          670    .text               c_w.l(_printf_pad.o)
    0x080048c6   0x00000024   Code   RO          672    .text               c_w.l(_printf_truncate.o)
    0x080048ea   0x000000b2   Code   RO          674    .text               c_w.l(_printf_intcommon.o)
    0x0800499c   0x00000028   Code   RO          676    .text               c_w.l(_printf_charcount.o)
    0x080049c4   0x0000041a   Code   RO          678    .text               c_w.l(_printf_fp_dec.o)
    0x08004dde   0x00000002   PAD
    0x08004de0   0x00000030   Code   RO          680    .text               c_w.l(_printf_char_common.o)
    0x08004e10   0x0000000a   Code   RO          682    .text               c_w.l(_sputc.o)
    0x08004e1a   0x00000010   Code   RO          684    .text               c_w.l(_snputc.o)
    0x08004e2a   0x0000002c   Code   RO          686    .text               c_w.l(_printf_char.o)
    0x08004e56   0x00000002   PAD
    0x08004e58   0x000000bc   Code   RO          688    .text               c_w.l(_printf_wctomb.o)
    0x08004f14   0x0000007c   Code   RO          691    .text               c_w.l(_printf_longlong_dec.o)
    0x08004f90   0x00000070   Code   RO          697    .text               c_w.l(_printf_oct_int_ll.o)
    0x08005000   0x00000094   Code   RO          717    .text               c_w.l(_printf_hex_int_ll_ptr.o)
    0x08005094   0x0000001c   Code   RO          740    .text               c_w.l(_chval.o)
    0x080050b0   0x0000002c   Code   RO          742    .text               c_w.l(scanf_char.o)
    0x080050dc   0x00000040   Code   RO          744    .text               c_w.l(_sgetc.o)
    0x0800511c   0x00000070   Code   RO          746    .text               c_w.l(strtol.o)
    0x0800518c   0x00000064   Code   RO          748    .text               c_w.l(rt_memcpy_w.o)
    0x080051f0   0x00000008   Code   RO          808    .text               c_w.l(libspace.o)
    0x080051f8   0x00000010   Code   RO          826    .text               c_w.l(rt_ctype_table.o)
    0x08005208   0x00000008   Code   RO          831    .text               c_w.l(rt_locale_intlibspace.o)
    0x08005210   0x00000034   Code   RO          837    .text               c_w.l(h1_extend.o)
    0x08005244   0x0000008a   Code   RO          841    .text               c_w.l(lludiv10.o)
    0x080052ce   0x00000012   Code   RO          843    .text               c_w.l(isspace.o)
    0x080052e0   0x00000080   Code   RO          845    .text               c_w.l(_printf_fp_infnan.o)
    0x08005360   0x0000002c   Code   RO          849    .text               c_w.l(_printf_wchar.o)
    0x0800538c   0x00000374   Code   RO          851    .text               c_w.l(_scanf.o)
    0x08005700   0x0000009e   Code   RO          853    .text               c_w.l(_strtoul.o)
    0x0800579e   0x00000002   PAD
    0x080057a0   0x000000dc   Code   RO          855    .text               c_w.l(bigflt0.o)
    0x0800587c   0x00000040   Code   RO          880    .text               c_w.l(_wcrtomb.o)
    0x080058bc   0x0000000e   Code   RO          885    .text               c_w.l(defsig_rtmem_outer.o)
    0x080058ca   0x00000002   Code   RO          900    .text               c_w.l(use_no_semi.o)
    0x080058cc   0x00000000   Code   RO          902    .text               c_w.l(indicate_semi.o)
    0x080058cc   0x0000004a   Code   RO          903    .text               c_w.l(sys_stackheap_outer.o)
    0x08005916   0x00000012   Code   RO          912    .text               c_w.l(exit.o)
    0x08005928   0x0000000a   Code   RO          914    .text               c_w.l(defsig_exit.o)
    0x08005932   0x00000002   PAD
    0x08005934   0x00000050   Code   RO          916    .text               c_w.l(defsig_rtmem_inner.o)
    0x08005984   0x00000080   Code   RO          918    .text               c_w.l(strcmpv7m.o)
    0x08005a04   0x0000000c   Code   RO          930    .text               c_w.l(sys_exit.o)
    0x08005a10   0x00000032   Code   RO          940    .text               c_w.l(defsig_general.o)
    0x08005a42   0x0000000e   Code   RO          958    .text               c_w.l(sys_wrch.o)
    0x08005a50   0x0000003e   Code   RO          858    CL$$btod_d2e        c_w.l(btod.o)
    0x08005a8e   0x00000046   Code   RO          860    CL$$btod_d2e_denorm_low  c_w.l(btod.o)
    0x08005ad4   0x00000060   Code   RO          859    CL$$btod_d2e_norm_op1  c_w.l(btod.o)
    0x08005b34   0x00000338   Code   RO          868    CL$$btod_div_common  c_w.l(btod.o)
    0x08005e6c   0x000000c6   Code   RO          865    CL$$btod_e2e        c_w.l(btod.o)
    0x08005f32   0x00000028   Code   RO          862    CL$$btod_ediv       c_w.l(btod.o)
    0x08005f5a   0x00000028   Code   RO          861    CL$$btod_emul       c_w.l(btod.o)
    0x08005f82   0x00000244   Code   RO          867    CL$$btod_mult_common  c_w.l(btod.o)
    0x080061c6   0x00000028   Code   RO          898    i.__ARM_fpclassify  m_ws.l(fpclassify.o)
    0x080061ee   0x0000000e   Code   RO          569    i._is_digit         c_w.l(__printf_wp.o)
    0x080061fc   0x0000002c   Code   RO          883    locale$$code        c_w.l(lc_numeric_c.o)
    0x08006228   0x0000002c   Code   RO          910    locale$$code        c_w.l(lc_ctype_c.o)
    0x08006254   0x00000062   Code   RO          613    x$fpl$d2f           fz_ws.l(d2f.o)
    0x080062b6   0x00000002   PAD
    0x080062b8   0x00000150   Code   RO          615    x$fpl$dadd          fz_ws.l(daddsub_clz.o)
    0x08006408   0x00000154   Code   RO          621    x$fpl$dmul          fz_ws.l(dmul.o)
    0x0800655c   0x0000009c   Code   RO          797    x$fpl$dnaninf       fz_ws.l(dnaninf.o)
    0x080065f8   0x0000000c   Code   RO          799    x$fpl$dretinf       fz_ws.l(dretinf.o)
    0x08006604   0x000001d4   Code   RO          617    x$fpl$dsub          fz_ws.l(daddsub_clz.o)
    0x080067d8   0x00000056   Code   RO          623    x$fpl$f2d           fz_ws.l(f2d.o)
    0x0800682e   0x00000002   PAD
    0x08006830   0x0000003e   Code   RO          625    x$fpl$ffixu         fz_ws.l(ffixu.o)
    0x0800686e   0x00000002   PAD
    0x08006870   0x00000026   Code   RO          629    x$fpl$ffltu         fz_ws.l(fflt_clz.o)
    0x08006896   0x0000008c   Code   RO          801    x$fpl$fnaninf       fz_ws.l(fnaninf.o)
    0x08006922   0x0000000a   Code   RO          803    x$fpl$fretinf       fz_ws.l(fretinf.o)
    0x0800692c   0x00000004   Code   RO          635    x$fpl$printf1       fz_ws.l(printf1.o)
    0x08006930   0x00000000   Code   RO          805    x$fpl$usenofp       fz_ws.l(usenofp.o)
    0x08006930   0x000000c0   Data   RO          411    .constdata          base64.o
    0x080069f0   0x00000011   Data   RO          577    .constdata          c_w.l(__printf_flags_ss_wp.o)
    0x08006a01   0x00000003   PAD
    0x08006a04   0x00000008   Data   RO          689    .constdata          c_w.l(_printf_wctomb.o)
    0x08006a0c   0x00000028   Data   RO          718    .constdata          c_w.l(_printf_hex_int_ll_ptr.o)
    0x08006a34   0x00000094   Data   RO          856    .constdata          c_w.l(bigflt0.o)
    0x08006ac8   0x00000123   Data   RO          347    .conststring        onenet.o
    0x08006beb   0x00000001   PAD
    0x08006bec   0x00000020   Data   RO          988    Region$$Table       anon$$obj.o
    0x08006c0c   0x0000001c   Data   RO          882    locale$$data        c_w.l(lc_numeric_c.o)
    0x08006c28   0x00000110   Data   RO          909    locale$$data        c_w.l(lc_ctype_c.o)


    Execution Region RW_IRAM1 (Base: 0x20000000, Size: 0x000008e0, Max: 0x00005000, ABSOLUTE)

    Base Addr    Size         Type   Attr      Idx    E Section Name        Object

    0x20000000   0x00000014   Data   RW          120    .data               system_stm32f10x.o
    0x20000014   0x00000014   Data   RW          195    .data               stm32f10x_rcc.o
    0x20000028   0x00000001   Data   RW          221    .data               beep.o
    0x20000029   0x00000001   PAD
    0x2000002a   0x00000004   Data   RW          239    .data               delay.o
    0x2000002e   0x00000002   Data   RW          279    .data               i2c.o
    0x20000030   0x00000008   Data   RW          298    .data               sht20.o
    0x20000038   0x00000002   Data   RW          348    .data               onenet.o
    0x2000003a   0x00000004   Data   RW          461    .data               esp8266.o
    0x2000003e   0x00000002   PAD
    0x20000040   0x00000040   Zero   RW          346    .bss                onenet.o
    0x20000080   0x00000200   Zero   RW          460    .bss                esp8266.o
    0x20000280   0x00000060   Zero   RW          809    .bss                c_w.l(libspace.o)
    0x200002e0   0x00000200   Zero   RW          138    HEAP                startup_stm32f10x_md.o
    0x200004e0   0x00000400   Zero   RW          137    STACK               startup_stm32f10x_md.o


==============================================================================

Image component sizes


      Code (inc. data)   RO Data    RW Data    ZI Data      Debug   Object Name

       688          8        192          0          0       3030   base64.o
        92         12          0          1          0       1073   beep.o
         0          0          0          0          0       4540   core_cm3.o
       244         10          0          4          0       1368   delay.o
       744        222          0          4        512       2863   esp8266.o
      1188         30          0          0          0       3160   hmac_sha1.o
      1076         32          0          2          0       4429   i2c.o
       316        126          0          0          0        693   main.o
       220         22          0          0          0     204889   misc.o
      3584         66          0          0          0      15063   mqttkit.o
      2796       1064        291          2         64       7350   onenet.o
       576         32          0          8          0       3428   sht20.o
        64         26        236          0       1536        768   startup_stm32f10x_md.o
       860         38          0          0          0       5573   stm32f10x_gpio.o
       308        248          0          0          0      24283   stm32f10x_it.o
       940         44          0         20          0       8692   stm32f10x_rcc.o
      1032         22          0          0          0       8296   stm32f10x_usart.o
       488         46          0         20          0       1619   system_stm32f10x.o
       488         14          0          0          0       2829   usart.o

    ----------------------------------------------------------------------
     15704       2062        752         64       2112     303946   Object Totals
         0          0         32          0          0          0   (incl. Generated)
         0          0          1          3          0          0   (incl. Padding)

    ----------------------------------------------------------------------

      Code (inc. data)   RO Data    RW Data    ZI Data      Debug   Library Member Name

        60          8          0          0          0         84   __0sscanf.o
        56          6          0          0          0         88   __2snprintf.o
        44          6          0          0          0         84   __2sprintf.o
         8          0          0          0          0         68   __main.o
       392          4         17          0          0         92   __printf_flags_ss_wp.o
        14          0          0          0          0         68   __printf_wp.o
         0          0          0          0          0          0   __rtentry.o
        12          0          0          0          0          0   __rtentry2.o
         6          0          0          0          0          0   __rtentry4.o
        52          8          0          0          0          0   __scatter.o
        26          0          0          0          0          0   __scatter_copy.o
        28          0          0          0          0          0   __scatter_zi.o
        28          0          0          0          0         68   _chval.o
         6          0          0          0          0          0   _printf_a.o
         6          0          0          0          0          0   _printf_c.o
        44          0          0          0          0        108   _printf_char.o
        48          6          0          0          0         96   _printf_char_common.o
        40          0          0          0          0         68   _printf_charcount.o
         6          0          0          0          0          0   _printf_d.o
       120         16          0          0          0         92   _printf_dec.o
         6          0          0          0          0          0   _printf_e.o
         6          0          0          0          0          0   _printf_f.o
      1050          0          0          0          0        216   _printf_fp_dec.o
       128         16          0          0          0         84   _printf_fp_infnan.o
         6          0          0          0          0          0   _printf_g.o
       148          4         40          0          0        160   _printf_hex_int_ll_ptr.o
         6          0          0          0          0          0   _printf_i.o
       178          0          0          0          0         88   _printf_intcommon.o
        10          0          0          0          0          0   _printf_l.o
         6          0          0          0          0          0   _printf_lc.o
        10          0          0          0          0          0   _printf_ll.o
         6          0          0          0          0          0   _printf_lld.o
         6          0          0          0          0          0   _printf_lli.o
         6          0          0          0          0          0   _printf_llo.o
         6          0          0          0          0          0   _printf_llu.o
         6          0          0          0          0          0   _printf_llx.o
       124         16          0          0          0         92   _printf_longlong_dec.o
         6          0          0          0          0          0   _printf_ls.o
         6          0          0          0          0          0   _printf_n.o
         6          0          0          0          0          0   _printf_o.o
       112          8          0          0          0        124   _printf_oct_int_ll.o
         6          0          0          0          0          0   _printf_p.o
        78          0          0          0          0        108   _printf_pad.o
         0          0          0          0          0          0   _printf_percent.o
         4          0          0          0          0          0   _printf_percent_end.o
         6          0          0          0          0          0   _printf_s.o
        82          0          0          0          0         80   _printf_str.o
        36          0          0          0          0         84   _printf_truncate.o
         6          0          0          0          0          0   _printf_u.o
        44          0          0          0          0        108   _printf_wchar.o
       188          6          8          0          0         92   _printf_wctomb.o
         6          0          0          0          0          0   _printf_x.o
       884          6          0          0          0        100   _scanf.o
       332          0          0          0          0         96   _scanf_int.o
       224          0          0          0          0         96   _scanf_str.o
        64          0          0          0          0         84   _sgetc.o
        16          0          0          0          0         68   _snputc.o
        10          0          0          0          0         68   _sputc.o
       158          0          0          0          0         92   _strtoul.o
        64          0          0          0          0         92   _wcrtomb.o
        26          0          0          0          0         80   atoi.o
       220          4        148          0          0         96   bigflt0.o
      1910        128          0          0          0        672   btod.o
        52          4          0          0          0         80   c89vsnprintf.o
        10          0          0          0          0         68   defsig_exit.o
        50          0          0          0          0         88   defsig_general.o
        80         58          0          0          0         76   defsig_rtmem_inner.o
        14          0          0          0          0         80   defsig_rtmem_outer.o
        18          0          0          0          0         80   exit.o
        94          0          0          0          0         80   h1_alloc.o
        52          0          0          0          0         68   h1_extend.o
        78          0          0          0          0         80   h1_free.o
        14          0          0          0          0         84   h1_init.o
         6          0          0          0          0        152   heapauxi.o
         4          0          0          0          0        136   hguard.o
         0          0          0          0          0          0   indicate_semi.o
       138          0          0          0          0        168   init_alloc.o
        18          0          0          0          0         76   isspace.o
        44         10        272          0          0         76   lc_ctype_c.o
        44         10         28          0          0         76   lc_numeric_c.o
         2          0          0          0          0          0   libinit.o
        38          0          0          0          0          0   libinit2.o
         2          0          0          0          0          0   libshutdown.o
         2          0          0          0          0          0   libshutdown2.o
         8          4          0          0         96         68   libspace.o
       138          0          0          0          0         80   lludiv10.o
         0          0          0          0          0          0   maybetermalloc1.o
        16          4          0          0          0         76   rt_ctype_table.o
         8          4          0          0          0         68   rt_errno_addr_intlibspace.o
         8          4          0          0          0         68   rt_heap_descriptor_intlibspace.o
         8          4          0          0          0         68   rt_locale_intlibspace.o
        68          0          0          0          0         68   rt_memclr.o
        78          0          0          0          0         80   rt_memclr_w.o
       138          0          0          0          0         68   rt_memcpy_v6.o
       100          0          0          0          0         80   rt_memcpy_w.o
         2          0          0          0          0          0   rtexit.o
        10          0          0          0          0          0   rtexit2.o
        44          8          0          0          0         84   scanf_char.o
        24          0          0          0          0         68   strcat.o
        20          0          0          0          0         68   strchr.o
       128          0          0          0          0         68   strcmpv7m.o
        72          0          0          0          0         80   strcpy.o
        62          0          0          0          0         76   strlen.o
        36          0          0          0          0         76   strncat.o
        36          0          0          0          0         80   strstr.o
       112          0          0          0          0         88   strtol.o
        12          4          0          0          0         68   sys_exit.o
        74          0          0          0          0         80   sys_stackheap_outer.o
        14          0          0          0          0         76   sys_wrch.o
         2          0          0          0          0         68   use_no_semi.o
        98          4          0          0          0         92   d2f.o
       804         16          0          0          0        272   daddsub_clz.o
       340         12          0          0          0        104   dmul.o
       156          4          0          0          0         92   dnaninf.o
        12          0          0          0          0         68   dretinf.o
        86          4          0          0          0         84   f2d.o
        62          4          0          0          0         84   ffixu.o
        38          0          0          0          0         68   fflt_clz.o
       140          4          0          0          0         84   fnaninf.o
        10          0          0          0          0         68   fretinf.o
         4          0          0          0          0         68   printf1.o
         0          0          0          0          0          0   usenofp.o
        40          0          0          0          0         68   fpclassify.o

    ----------------------------------------------------------------------
     10988        404        516          0         96       8020   Library Totals
        22          0          3          0          0          0   (incl. Padding)

    ----------------------------------------------------------------------

      Code (inc. data)   RO Data    RW Data    ZI Data      Debug   Library Name

      9176        356        513          0         96       6868   c_w.l
      1750         48          0          0          0       1084   fz_ws.l
        40          0          0          0          0         68   m_ws.l

    ----------------------------------------------------------------------
     10988        404        516          0         96       8020   Library Totals

    ----------------------------------------------------------------------

==============================================================================


      Code (inc. data)   RO Data    RW Data    ZI Data      Debug   

     26692       2466       1268         64       2208     305878   Grand Totals
     26692       2466       1268         64       2208     305878   ELF Image Totals
     26692       2466       1268         64          0          0   ROM Totals

==============================================================================

    Total RO  Size (Code + RO Data)                27960 (  27.30kB)
    Total RW  Size (RW Data + ZI Data)              2272 (   2.22kB)
    Total ROM Size (Code + RO Data + RW Data)      28024 (  27.37kB)

==============================================================================

